Component: ARM Compiler 5.06 update 5 (build 528) Tool: armlink [4d35e2]

==============================================================================

Section Cross References

    startup_stm32f030x6.o(RESET) refers to startup_stm32f030x6.o(STACK) for __initial_sp
    startup_stm32f030x6.o(RESET) refers to startup_stm32f030x6.o(.text) for Reset_Handler
    startup_stm32f030x6.o(RESET) refers to stm32f0xx_it.o(i.NMI_Handler) for NMI_Handler
    startup_stm32f030x6.o(RESET) refers to stm32f0xx_it.o(i.HardFault_Handler) for HardFault_Handler
    startup_stm32f030x6.o(RESET) refers to stm32f0xx_it.o(i.SVC_Handler) for SVC_Handler
    startup_stm32f030x6.o(RESET) refers to stm32f0xx_it.o(i.PendSV_Handler) for PendSV_Handler
    startup_stm32f030x6.o(RESET) refers to stm32f0xx_it.o(i.SysTick_Handler) for SysTick_Handler
    startup_stm32f030x6.o(RESET) refers to stm32f0xx_it.o(i.DMA1_Channel1_IRQHandler) for DMA1_Channel1_IRQHandler
    startup_stm32f030x6.o(RESET) refers to stm32f0xx_it.o(i.TIM3_IRQHandler) for TIM3_IRQHandler
    startup_stm32f030x6.o(.text) refers to system_stm32f0xx.o(i.SystemInit) for SystemInit
    startup_stm32f030x6.o(.text) refers to entry.o(.ARM.Collect$$$$00000000) for __main
    analogbuttons.o(i.AnalogButtonUpdate) refers to stm32f0xx_hal.o(i.HAL_GetTick) for HAL_GetTick
    analogbuttons.o(i.AnalogButtonUpdate) refers to main.o(.bss) for ADC1_Result
    analogbuttons.o(i.AnalogButtonUpdate) refers to analogbuttons.o(.data) for .data
    analogbuttons.o(.data) refers to menu.o(i.btnPowerPressed) for btnPowerPressed
    analogbuttons.o(.data) refers to menu.o(i.btnSelectHold) for btnSelectHold
    analogbuttons.o(.data) refers to menu.o(i.btnSelectPressed) for btnSelectPressed
    analogbuttons.o(.data) refers to menu.o(i.btnDownHold) for btnDownHold
    analogbuttons.o(.data) refers to menu.o(i.btnDownPressed) for btnDownPressed
    analogbuttons.o(.data) refers to menu.o(i.btnUpHold) for btnUpHold
    analogbuttons.o(.data) refers to menu.o(i.btnUpPressed) for btnUpPressed
    eeprom.o(i.EEPROM_Read) refers to eeprom.o(i.EEPROM_Write) for EEPROM_Write
    eeprom.o(i.EEPROM_Read) refers to eeprom.o(.data) for .data
    eeprom.o(i.EEPROM_Write) refers to stm32f0xx_hal_flash.o(i.HAL_FLASH_Unlock) for HAL_FLASH_Unlock
    eeprom.o(i.EEPROM_Write) refers to stm32f0xx_hal_flash_ex.o(i.HAL_FLASHEx_Erase) for HAL_FLASHEx_Erase
    eeprom.o(i.EEPROM_Write) refers to stm32f0xx_hal_flash.o(i.HAL_FLASH_Program) for HAL_FLASH_Program
    eeprom.o(i.EEPROM_Write) refers to stm32f0xx_hal_flash.o(i.HAL_FLASH_Lock) for HAL_FLASH_Lock
    eeprom.o(i.EEPROM_Write) refers to eeprom.o(.data) for .data
    menu.o(i.DisplayUpdate) refers to memcpya.o(.text) for __aeabi_memcpy
    menu.o(i.DisplayUpdate) refers to eeprom.o(i.EEPROM_Write) for EEPROM_Write
    menu.o(i.DisplayUpdate) refers to buzzer.o(i.BuzzerLongBeep) for BuzzerLongBeep
    menu.o(i.DisplayUpdate) refers to stm32f0xx_hal.o(i.HAL_GetTick) for HAL_GetTick
    menu.o(i.DisplayUpdate) refers to dfixui.o(.text) for __aeabi_d2uiz
    menu.o(i.DisplayUpdate) refers to menu.o(i.SevenSegDecode) for SevenSegDecode
    menu.o(i.DisplayUpdate) refers to menu.o(.data) for .data
    menu.o(i.DisplayUpdate) refers to menu.o(.constdata) for .constdata
    menu.o(i.DisplayUpdate) refers to main.o(.data) for PreviousTime
    menu.o(i.DisplayUpdate) refers to eeprom.o(.data) for ConfigData
    menu.o(i.DisplayUpdate) refers to thermocouplesensor.o(.data) for Temperature
    menu.o(i.HAL_TIM_PeriodElapsedCallback) refers to stm32f0xx_hal_spi.o(i.HAL_SPI_Transmit) for HAL_SPI_Transmit
    menu.o(i.HAL_TIM_PeriodElapsedCallback) refers to main.o(.bss) for hspi1
    menu.o(i.HAL_TIM_PeriodElapsedCallback) refers to menu.o(.data) for .data
    menu.o(i.HeaterPid) refers to dfltui.o(.text) for __aeabi_ui2d
    menu.o(i.HeaterPid) refers to dadd.o(.text) for __aeabi_dsub
    menu.o(i.HeaterPid) refers to dmul.o(.text) for __aeabi_dmul
    menu.o(i.HeaterPid) refers to dfixi.o(.text) for __aeabi_d2iz
    menu.o(i.HeaterPid) refers to dflti.o(.text) for __aeabi_i2d
    menu.o(i.HeaterPid) refers to menu.o(.data) for .data
    menu.o(i.HeaterPid) refers to eeprom.o(.data) for ConfigData
    menu.o(i.HeaterPid) refers to thermocouplesensor.o(.data) for Temperature
    menu.o(i.HeaterSwitch) refers to buzzer.o(i.BuzzerShortBeep) for BuzzerShortBeep
    menu.o(i.HeaterSwitch) refers to menu.o(.data) for .data
    menu.o(i.HeaterTurnOff) refers to memseta.o(.text) for __aeabi_memset
    menu.o(i.HeaterTurnOff) refers to menu.o(.data) for .data
    menu.o(i.HeaterUpdate) refers to menu.o(i.HeaterTurnOff) for HeaterTurnOff
    menu.o(i.HeaterUpdate) refers to menu.o(i.HeaterPid) for HeaterPid
    menu.o(i.HeaterUpdate) refers to menu.o(.data) for .data
    menu.o(i.HeaterUpdate) refers to eeprom.o(.data) for ConfigData
    menu.o(i.SevenSegDecode) refers to uidiv.o(.text) for __aeabi_uidivmod
    menu.o(i.SevenSegDecode) refers to menu.o(.constdata) for .constdata
[...]
    Removing stm32f0xx_hal_rcc.o(.rev16_text), (4 bytes).
    Removing stm32f0xx_hal_rcc.o(.revsh_text), (4 bytes).
    Removing stm32f0xx_hal_rcc.o(i.HAL_RCC_CSSCallback), (2 bytes).
    Removing stm32f0xx_hal_rcc.o(i.HAL_RCC_DeInit), (76 bytes).
    Removing stm32f0xx_hal_rcc.o(i.HAL_RCC_DisableCSS), (20 bytes).
    Removing stm32f0xx_hal_rcc.o(i.HAL_RCC_EnableCSS), (20 bytes).
    Removing stm32f0xx_hal_rcc.o(i.HAL_RCC_GetClockConfig), (56 bytes).
    Removing stm32f0xx_hal_rcc.o(i.HAL_RCC_GetOscConfig), (156 bytes).
    Removing stm32f0xx_hal_rcc.o(i.HAL_RCC_GetPCLK1Freq), (32 bytes).
    Removing stm32f0xx_hal_rcc.o(i.HAL_RCC_MCOConfig), (80 bytes).
    Removing stm32f0xx_hal_rcc.o(i.HAL_RCC_NMI_IRQHandler), (24 bytes).
    Removing stm32f0xx_hal_rcc_ex.o(.rev16_text), (4 bytes).
    Removing stm32f0xx_hal_rcc_ex.o(.revsh_text), (4 bytes).
    Removing stm32f0xx_hal_rcc_ex.o(i.HAL_RCCEx_GetPeriphCLKConfig), (44 bytes).
    Removing stm32f0xx_hal_rcc_ex.o(i.HAL_RCCEx_GetPeriphCLKFreq), (156 bytes).
    Removing stm32f0xx_hal_rcc_ex.o(i.HAL_RCCEx_PeriphCLKConfig), (232 bytes).
    Removing stm32f0xx_hal.o(.rev16_text), (4 bytes).
    Removing stm32f0xx_hal.o(.revsh_text), (4 bytes).
    Removing stm32f0xx_hal.o(i.HAL_DBGMCU_DisableDBGStandbyMode), (16 bytes).
    Removing stm32f0xx_hal.o(i.HAL_DBGMCU_DisableDBGStopMode), (16 bytes).
    Removing stm32f0xx_hal.o(i.HAL_DBGMCU_EnableDBGStandbyMode), (16 bytes).
    Removing stm32f0xx_hal.o(i.HAL_DBGMCU_EnableDBGStopMode), (16 bytes).
    Removing stm32f0xx_hal.o(i.HAL_DeInit), (36 bytes).
    Removing stm32f0xx_hal.o(i.HAL_Delay), (28 bytes).
    Removing stm32f0xx_hal.o(i.HAL_GetDEVID), (16 bytes).
    Removing stm32f0xx_hal.o(i.HAL_GetHalVersion), (8 bytes).
    Removing stm32f0xx_hal.o(i.HAL_GetREVID), (12 bytes).
    Removing stm32f0xx_hal.o(i.HAL_GetUIDw0), (12 bytes).
    Removing stm32f0xx_hal.o(i.HAL_GetUIDw1), (12 bytes).
    Removing stm32f0xx_hal.o(i.HAL_GetUIDw2), (12 bytes).
    Removing stm32f0xx_hal.o(i.HAL_MspDeInit), (2 bytes).
    Removing stm32f0xx_hal.o(i.HAL_MspInit), (2 bytes).
    Removing stm32f0xx_hal.o(i.HAL_ResumeTick), (16 bytes).
    Removing stm32f0xx_hal.o(i.HAL_SuspendTick), (16 bytes).
    Removing stm32f0xx_hal_i2c.o(.rev16_text), (4 bytes).
    Removing stm32f0xx_hal_i2c.o(.revsh_text), (4 bytes).
    Removing stm32f0xx_hal_i2c.o(i.HAL_I2C_AbortCpltCallback), (2 bytes).
    Removing stm32f0xx_hal_i2c.o(i.HAL_I2C_AddrCallback), (2 bytes).
    Removing stm32f0xx_hal_i2c.o(i.HAL_I2C_DeInit), (52 bytes).
    Removing stm32f0xx_hal_i2c.o(i.HAL_I2C_DisableListen_IT), (48 bytes).
    Removing stm32f0xx_hal_i2c.o(i.HAL_I2C_ER_IRQHandler), (88 bytes).
    Removing stm32f0xx_hal_i2c.o(i.HAL_I2C_EV_IRQHandler), (16 bytes).
    Removing stm32f0xx_hal_i2c.o(i.HAL_I2C_EnableListen_IT), (40 bytes).
    Removing stm32f0xx_hal_i2c.o(i.HAL_I2C_ErrorCallback), (2 bytes).
    Removing stm32f0xx_hal_i2c.o(i.HAL_I2C_GetError), (4 bytes).
    Removing stm32f0xx_hal_i2c.o(i.HAL_I2C_GetMode), (6 bytes).
    Removing stm32f0xx_hal_i2c.o(i.HAL_I2C_GetState), (6 bytes).
    Removing stm32f0xx_hal_i2c.o(i.HAL_I2C_Init), (180 bytes).
    Removing stm32f0xx_hal_i2c.o(i.HAL_I2C_IsDeviceReady), (284 bytes).
    Removing stm32f0xx_hal_i2c.o(i.HAL_I2C_ListenCpltCallback), (2 bytes).
    Removing stm32f0xx_hal_i2c.o(i.HAL_I2C_MasterRxCpltCallback), (2 bytes).
    Removing stm32f0xx_hal_i2c.o(i.HAL_I2C_MasterTxCpltCallback), (2 bytes).
    Removing stm32f0xx_hal_i2c.o(i.HAL_I2C_Master_Abort_IT), (88 bytes).
    Removing stm32f0xx_hal_i2c.o(i.HAL_I2C_Master_Receive), (280 bytes).
    Removing stm32f0xx_hal_i2c.o(i.HAL_I2C_Master_Receive_DMA), (236 bytes).
    Removing stm32f0xx_hal_i2c.o(i.HAL_I2C_Master_Receive_IT), (124 bytes).
    Removing stm32f0xx_hal_i2c.o(i.HAL_I2C_Master_Sequential_Receive_IT), (116 bytes).
    Removing stm32f0xx_hal_i2c.o(i.HAL_I2C_Master_Sequential_Transmit_IT), (116 bytes).
    Removing stm32f0xx_hal_i2c.o(i.HAL_I2C_Master_Transmit), (280 bytes).
    Removing stm32f0xx_hal_i2c.o(i.HAL_I2C_Master_Transmit_DMA), (240 bytes).
    Removing stm32f0xx_hal_i2c.o(i.HAL_I2C_Master_Transmit_IT), (124 bytes).
    Removing stm32f0xx_hal_i2c.o(i.HAL_I2C_MemRxCpltCallback), (2 bytes).
    Removing stm32f0xx_hal_i2c.o(i.HAL_I2C_MemTxCpltCallback), (2 bytes).
    Removing stm32f0xx_hal_i2c.o(i.HAL_I2C_Mem_Read), (344 bytes).
    Removing stm32f0xx_hal_i2c.o(i.HAL_I2C_Mem_Read_DMA), (248 bytes).
    Removing stm32f0xx_hal_i2c.o(i.HAL_I2C_Mem_Read_IT), (188 bytes).
    Removing stm32f0xx_hal_i2c.o(i.HAL_I2C_Mem_Write), (340 bytes).
    Removing stm32f0xx_hal_i2c.o(i.HAL_I2C_Mem_Write_DMA), (244 bytes).
    Removing stm32f0xx_hal_i2c.o(i.HAL_I2C_Mem_Write_IT), (184 bytes).
    Removing stm32f0xx_hal_i2c.o(i.HAL_I2C_MspDeInit), (2 bytes).
    Removing stm32f0xx_hal_i2c.o(i.HAL_I2C_MspInit), (2 bytes).
    Removing stm32f0xx_hal_i2c.o(i.HAL_I2C_SlaveRxCpltCallback), (2 bytes).
    Removing stm32f0xx_hal_i2c.o(i.HAL_I2C_SlaveTxCpltCallback), (2 bytes).
    Removing stm32f0xx_hal_i2c.o(i.HAL_I2C_Slave_Receive), (292 bytes).
    Removing stm32f0xx_hal_i2c.o(i.HAL_I2C_Slave_Receive_DMA), (156 bytes).
    Removing stm32f0xx_hal_i2c.o(i.HAL_I2C_Slave_Receive_IT), (88 bytes).
    Removing stm32f0xx_hal_i2c.o(i.HAL_I2C_Slave_Sequential_Receive_IT), (144 bytes).
    Removing stm32f0xx_hal_i2c.o(i.HAL_I2C_Slave_Sequential_Transmit_IT), (144 bytes).
    Removing stm32f0xx_hal_i2c.o(i.HAL_I2C_Slave_Transmit), (300 bytes).
    Removing stm32f0xx_hal_i2c.o(i.HAL_I2C_Slave_Transmit_DMA), (156 bytes).
    Removing stm32f0xx_hal_i2c.o(i.HAL_I2C_Slave_Transmit_IT), (88 bytes).
    Removing stm32f0xx_hal_i2c.o(i.I2C_DMAAbort), (52 bytes).
    Removing stm32f0xx_hal_i2c.o(i.I2C_DMAError), (24 bytes).
    Removing stm32f0xx_hal_i2c.o(i.I2C_DMAMasterReceiveCplt), (68 bytes).
    Removing stm32f0xx_hal_i2c.o(i.I2C_DMAMasterTransmitCplt), (68 bytes).
    Removing stm32f0xx_hal_i2c.o(i.I2C_DMASlaveReceiveCplt), (2 bytes).
    Removing stm32f0xx_hal_i2c.o(i.I2C_DMASlaveTransmitCplt), (2 bytes).
    Removing stm32f0xx_hal_i2c.o(i.I2C_Disable_IRQ), (86 bytes).
    Removing stm32f0xx_hal_i2c.o(i.I2C_Enable_IRQ), (100 bytes).
    Removing stm32f0xx_hal_i2c.o(i.I2C_Flush_TXDR), (34 bytes).
    Removing stm32f0xx_hal_i2c.o(i.I2C_ITAddrCplt), (122 bytes).
    Removing stm32f0xx_hal_i2c.o(i.I2C_ITError), (204 bytes).
    Removing stm32f0xx_hal_i2c.o(i.I2C_ITListenCplt), (96 bytes).
    Removing stm32f0xx_hal_i2c.o(i.I2C_ITMasterCplt), (160 bytes).
    Removing stm32f0xx_hal_i2c.o(i.I2C_ITMasterSequentialCplt), (70 bytes).
    Removing stm32f0xx_hal_i2c.o(i.I2C_ITSlaveCplt), (232 bytes).
    Removing stm32f0xx_hal_i2c.o(i.I2C_ITSlaveSequentialCplt), (74 bytes).
    Removing stm32f0xx_hal_i2c.o(i.I2C_IsAcknowledgeFailed), (116 bytes).
    Removing stm32f0xx_hal_i2c.o(i.I2C_Master_ISR_DMA), (194 bytes).
    Removing stm32f0xx_hal_i2c.o(i.I2C_Master_ISR_IT), (296 bytes).
    Removing stm32f0xx_hal_i2c.o(i.I2C_RequestMemoryRead), (106 bytes).
    Removing stm32f0xx_hal_i2c.o(i.I2C_RequestMemoryWrite), (106 bytes).
    Removing stm32f0xx_hal_i2c.o(i.I2C_Slave_ISR_DMA), (104 bytes).
    Removing stm32f0xx_hal_i2c.o(i.I2C_Slave_ISR_IT), (280 bytes).
    Removing stm32f0xx_hal_i2c.o(i.I2C_TransferConfig), (36 bytes).
    Removing stm32f0xx_hal_i2c.o(i.I2C_WaitOnFlagUntilTimeout), (72 bytes).
    Removing stm32f0xx_hal_i2c.o(i.I2C_WaitOnRXNEFlagUntilTimeout), (120 bytes).
    Removing stm32f0xx_hal_i2c.o(i.I2C_WaitOnSTOPFlagUntilTimeout), (78 bytes).
    Removing stm32f0xx_hal_i2c.o(i.I2C_WaitOnTXISFlagUntilTimeout), (82 bytes).
    Removing stm32f0xx_hal_i2c_ex.o(.rev16_text), (4 bytes).
    Removing stm32f0xx_hal_i2c_ex.o(.revsh_text), (4 bytes).
    Removing stm32f0xx_hal_i2c_ex.o(i.HAL_I2CEx_ConfigAnalogFilter), (74 bytes).
    Removing stm32f0xx_hal_i2c_ex.o(i.HAL_I2CEx_ConfigDigitalFilter), (72 bytes).
    Removing stm32f0xx_hal_i2c_ex.o(i.HAL_I2CEx_DisableFastModePlus), (36 bytes).
    Removing stm32f0xx_hal_i2c_ex.o(i.HAL_I2CEx_EnableFastModePlus), (36 bytes).
    Removing stm32f0xx_hal_gpio.o(.rev16_text), (4 bytes).
    Removing stm32f0xx_hal_gpio.o(.revsh_text), (4 bytes).
    Removing stm32f0xx_hal_gpio.o(i.HAL_GPIO_DeInit), (212 bytes).
    Removing stm32f0xx_hal_gpio.o(i.HAL_GPIO_EXTI_Callback), (2 bytes).
    Removing stm32f0xx_hal_gpio.o(i.HAL_GPIO_EXTI_IRQHandler), (24 bytes).
    Removing stm32f0xx_hal_gpio.o(i.HAL_GPIO_LockPin), (36 bytes).
    Removing stm32f0xx_hal_gpio.o(i.HAL_GPIO_ReadPin), (10 bytes).
    Removing stm32f0xx_hal_gpio.o(i.HAL_GPIO_TogglePin), (8 bytes).
    Removing stm32f0xx_hal_dma.o(.rev16_text), (4 bytes).
    Removing stm32f0xx_hal_dma.o(.revsh_text), (4 bytes).
    Removing stm32f0xx_hal_dma.o(i.HAL_DMA_Abort), (44 bytes).
    Removing stm32f0xx_hal_dma.o(i.HAL_DMA_Abort_IT), (72 bytes).
    Removing stm32f0xx_hal_dma.o(i.HAL_DMA_DeInit), (66 bytes).
    Removing stm32f0xx_hal_dma.o(i.HAL_DMA_GetError), (4 bytes).
    Removing stm32f0xx_hal_dma.o(i.HAL_DMA_GetState), (6 bytes).
    Removing stm32f0xx_hal_dma.o(i.HAL_DMA_PollForTransfer), (176 bytes).
    Removing stm32f0xx_hal_dma.o(i.HAL_DMA_RegisterCallback), (72 bytes).
    Removing stm32f0xx_hal_dma.o(i.HAL_DMA_Start), (74 bytes).
    Removing stm32f0xx_hal_dma.o(i.HAL_DMA_UnRegisterCallback), (78 bytes).
    Removing stm32f0xx_hal_cortex.o(.rev16_text), (4 bytes).
    Removing stm32f0xx_hal_cortex.o(.revsh_text), (4 bytes).
    Removing stm32f0xx_hal_cortex.o(i.HAL_NVIC_ClearPendingIRQ), (20 bytes).
    Removing stm32f0xx_hal_cortex.o(i.HAL_NVIC_DisableIRQ), (20 bytes).
    Removing stm32f0xx_hal_cortex.o(i.HAL_NVIC_GetPendingIRQ), (28 bytes).
    Removing stm32f0xx_hal_cortex.o(i.HAL_NVIC_GetPriority), (52 bytes).
    Removing stm32f0xx_hal_cortex.o(i.HAL_NVIC_SetPendingIRQ), (20 bytes).
    Removing stm32f0xx_hal_cortex.o(i.HAL_NVIC_SystemReset), (28 bytes).
    Removing stm32f0xx_hal_cortex.o(i.HAL_SYSTICK_CLKSourceConfig), (24 bytes).
    Removing stm32f0xx_hal_cortex.o(i.HAL_SYSTICK_Callback), (2 bytes).
    Removing stm32f0xx_hal_cortex.o(i.HAL_SYSTICK_IRQHandler), (8 bytes).
    Removing stm32f0xx_hal_pwr.o(.rev16_text), (4 bytes).
    Removing stm32f0xx_hal_pwr.o(.revsh_text), (4 bytes).
    Removing stm32f0xx_hal_pwr.o(i.HAL_PWR_DeInit), (24 bytes).
    Removing stm32f0xx_hal_pwr.o(i.HAL_PWR_DisableBkUpAccess), (16 bytes).
    Removing stm32f0xx_hal_pwr.o(i.HAL_PWR_DisableSEVOnPend), (16 bytes).
    Removing stm32f0xx_hal_pwr.o(i.HAL_PWR_DisableSleepOnExit), (16 bytes).
    Removing stm32f0xx_hal_pwr.o(i.HAL_PWR_DisableWakeUpPin), (16 bytes).
    Removing stm32f0xx_hal_pwr.o(i.HAL_PWR_EnableBkUpAccess), (16 bytes).
    Removing stm32f0xx_hal_pwr.o(i.HAL_PWR_EnableSEVOnPend), (16 bytes).
    Removing stm32f0xx_hal_pwr.o(i.HAL_PWR_EnableSleepOnExit), (16 bytes).
    Removing stm32f0xx_hal_pwr.o(i.HAL_PWR_EnableWakeUpPin), (16 bytes).
    Removing stm32f0xx_hal_pwr.o(i.HAL_PWR_EnterSLEEPMode), (32 bytes).
    Removing stm32f0xx_hal_pwr.o(i.HAL_PWR_EnterSTANDBYMode), (32 bytes).
    Removing stm32f0xx_hal_pwr.o(i.HAL_PWR_EnterSTOPMode), (52 bytes).
    Removing stm32f0xx_hal_pwr_ex.o(.rev16_text), (4 bytes).
    Removing stm32f0xx_hal_pwr_ex.o(.revsh_text), (4 bytes).
    Removing stm32f0xx_hal_flash.o(.rev16_text), (4 bytes).
    Removing stm32f0xx_hal_flash.o(.revsh_text), (4 bytes).
    Removing stm32f0xx_hal_flash.o(i.HAL_FLASH_EndOfOperationCallback), (2 bytes).
    Removing stm32f0xx_hal_flash.o(i.HAL_FLASH_GetError), (12 bytes).
    Removing stm32f0xx_hal_flash.o(i.HAL_FLASH_IRQHandler), (268 bytes).
    Removing stm32f0xx_hal_flash.o(i.HAL_FLASH_OB_Launch), (32 bytes).
    Removing stm32f0xx_hal_flash.o(i.HAL_FLASH_OB_Lock), (20 bytes).
    Removing stm32f0xx_hal_flash.o(i.HAL_FLASH_OB_Unlock), (36 bytes).
    Removing stm32f0xx_hal_flash.o(i.HAL_FLASH_OperationErrorCallback), (2 bytes).
    Removing stm32f0xx_hal_flash.o(i.HAL_FLASH_Program_IT), (100 bytes).
    Removing stm32f0xx_hal_flash_ex.o(.rev16_text), (4 bytes).
    Removing stm32f0xx_hal_flash_ex.o(.revsh_text), (4 bytes).
    Removing stm32f0xx_hal_flash_ex.o(i.FLASH_OB_GetRDP), (32 bytes).
    Removing stm32f0xx_hal_flash_ex.o(i.FLASH_OB_RDP_LevelConfig), (96 bytes).
    Removing stm32f0xx_hal_flash_ex.o(i.HAL_FLASHEx_Erase_IT), (88 bytes).
    Removing stm32f0xx_hal_flash_ex.o(i.HAL_FLASHEx_OBErase), (80 bytes).
    Removing stm32f0xx_hal_flash_ex.o(i.HAL_FLASHEx_OBGetConfig), (36 bytes).
    Removing stm32f0xx_hal_flash_ex.o(i.HAL_FLASHEx_OBGetUserData), (28 bytes).
    Removing stm32f0xx_hal_flash_ex.o(i.HAL_FLASHEx_OBProgram), (328 bytes).
    Removing system_stm32f0xx.o(.rev16_text), (4 bytes).
    Removing system_stm32f0xx.o(.revsh_text), (4 bytes).
    Removing system_stm32f0xx.o(i.SystemCoreClockUpdate), (108 bytes).
    Removing system_stm32f0xx.o(.constdata), (8 bytes).
    Removing stm32f0xx_hal_tim.o(i.__ARM_common_switch8), (26 bytes).

412 unused section(s) (total 29093 bytes) removed from the image.

==============================================================================

Image Symbol Table

    Local Symbols

    Symbol Name                              Value     Ov Type        Size  Object(Section)

    ../Core/Src/main.c                       0x00000000   Number         0  main.o ABSOLUTE
    ../Core/Src/stm32f0xx_hal_msp.c          0x00000000   Number         0  stm32f0xx_hal_msp.o ABSOLUTE
    ../Core/Src/stm32f0xx_it.c               0x00000000   Number         0  stm32f0xx_it.o ABSOLUTE
    ../Core/Src/system_stm32f0xx.c           0x00000000   Number         0  system_stm32f0xx.o ABSOLUTE
    ../Drivers/STM32F0xx_HAL_Driver/Src/stm32f0xx_hal.c 0x00000000   Number         0  stm32f0xx_hal.o ABSOLUTE
    ../Drivers/STM32F0xx_HAL_Driver/Src/stm32f0xx_hal_adc.c 0x00000000   Number         0  stm32f0xx_hal_adc.o ABSOLUTE
    ../Drivers/STM32F0xx_HAL_Driver/Src/stm32f0xx_hal_adc_ex.c 0x00000000   Number         0  stm32f0xx_hal_adc_ex.o ABSOLUTE
    ../Drivers/STM32F0xx_HAL_Driver/Src/stm32f0xx_hal_cortex.c 0x00000000   Number         0  stm32f0xx_hal_cortex.o ABSOLUTE
    ../Drivers/STM32F0xx_HAL_Driver/Src/stm32f0xx_hal_dma.c 0x00000000   Number         0  stm32f0xx_hal_dma.o ABSOLUTE
    ../Drivers/STM32F0xx_HAL_Driver/Src/stm32f0xx_hal_flash.c 0x00000000   Number         0  stm32f0xx_hal_flash.o ABSOLUTE
    ../Drivers/STM32F0xx_HAL_Driver/Src/stm32f0xx_hal_flash_ex.c 0x00000000   Number         0  stm32f0xx_hal_flash_ex.o ABSOLUTE
    ../Drivers/STM32F0xx_HAL_Driver/Src/stm32f0xx_hal_gpio.c 0x00000000   Number         0  stm32f0xx_hal_gpio.o ABSOLUTE
    ../Drivers/STM32F0xx_HAL_Driver/Src/stm32f0xx_hal_i2c.c 0x00000000   Number         0  stm32f0xx_hal_i2c.o ABSOLUTE
    ../Drivers/STM32F0xx_HAL_Driver/Src/stm32f0xx_hal_i2c_ex.c 0x00000000   Number         0  stm32f0xx_hal_i2c_ex.o ABSOLUTE
    ../Drivers/STM32F0xx_HAL_Driver/Src/stm32f0xx_hal_pwr.c 0x00000000   Number         0  stm32f0xx_hal_pwr.o ABSOLUTE
    ../Drivers/STM32F0xx_HAL_Driver/Src/stm32f0xx_hal_pwr_ex.c 0x00000000   Number         0  stm32f0xx_hal_pwr_ex.o ABSOLUTE
    ../Drivers/STM32F0xx_HAL_Driver/Src/stm32f0xx_hal_rcc.c 0x00000000   Number         0  stm32f0xx_hal_rcc.o ABSOLUTE
    ../Drivers/STM32F0xx_HAL_Driver/Src/stm32f0xx_hal_rcc_ex.c 0x00000000   Number         0  stm32f0xx_hal_rcc_ex.o ABSOLUTE
    ../Drivers/STM32F0xx_HAL_Driver/Src/stm32f0xx_hal_spi.c 0x00000000   Number         0  stm32f0xx_hal_spi.o ABSOLUTE
    ../Drivers/STM32F0xx_HAL_Driver/Src/stm32f0xx_hal_spi_ex.c 0x00000000   Number         0  stm32f0xx_hal_spi_ex.o ABSOLUTE
    ../Drivers/STM32F0xx_HAL_Driver/Src/stm32f0xx_hal_tim.c 0x00000000   Number         0  stm32f0xx_hal_tim.o ABSOLUTE
    ../Drivers/STM32F0xx_HAL_Driver/Src/stm32f0xx_hal_tim_ex.c 0x00000000   Number         0  stm32f0xx_hal_tim_ex.o ABSOLUTE
    ../clib/microlib/division.c              0x00000000   Number         0  uidiv.o ABSOLUTE
    ../clib/microlib/errno.c                 0x00000000   Number         0  errno.o ABSOLUTE
    ../clib/microlib/init/entry.s            0x00000000   Number         0  entry7a.o ABSOLUTE
    ../clib/microlib/init/entry.s            0x00000000   Number         0  entry2.o ABSOLUTE
    ../clib/microlib/init/entry.s            0x00000000   Number         0  entry11b.o ABSOLUTE
    ../clib/microlib/init/entry.s            0x00000000   Number         0  entry.o ABSOLUTE
    ../clib/microlib/init/entry.s            0x00000000   Number         0  entry11a.o ABSOLUTE
    ../clib/microlib/init/entry.s            0x00000000   Number         0  entry10b.o ABSOLUTE
    ../clib/microlib/init/entry.s            0x00000000   Number         0  entry10a.o ABSOLUTE
    ../clib/microlib/init/entry.s            0x00000000   Number         0  entry5.o ABSOLUTE
    ../clib/microlib/init/entry.s            0x00000000   Number         0  entry9a.o ABSOLUTE
    ../clib/microlib/init/entry.s            0x00000000   Number         0  entry8b.o ABSOLUTE
    ../clib/microlib/init/entry.s            0x00000000   Number         0  entry8a.o ABSOLUTE
    ../clib/microlib/init/entry.s            0x00000000   Number         0  entry9b.o ABSOLUTE
    ../clib/microlib/init/entry.s            0x00000000   Number         0  entry7b.o ABSOLUTE
    ../clib/microlib/longlong.c              0x00000000   Number         0  llsshr.o ABSOLUTE
    ../clib/microlib/longlong.c              0x00000000   Number         0  llshl.o ABSOLUTE
    ../clib/microlib/longlong.c              0x00000000   Number         0  llushr.o ABSOLUTE
    ../clib/microlib/string/memcpy.c         0x00000000   Number         0  memcpyb.o ABSOLUTE
    ../clib/microlib/string/memcpy.c         0x00000000   Number         0  memcpya.o ABSOLUTE
    ../clib/microlib/string/memset.c         0x00000000   Number         0  memseta.o ABSOLUTE
    ../clib/microlib/stubs.s                 0x00000000   Number         0  iusefp.o ABSOLUTE
    ../fplib/microlib/fpadd.c                0x00000000   Number         0  dadd.o ABSOLUTE
    ../fplib/microlib/fpdiv.c                0x00000000   Number         0  ddiv.o ABSOLUTE
    ../fplib/microlib/fpepilogue.c           0x00000000   Number         0  depilogue.o ABSOLUTE
    ../fplib/microlib/fpfix.c                0x00000000   Number         0  dfixi.o ABSOLUTE
    ../fplib/microlib/fpfix.c                0x00000000   Number         0  dfixui.o ABSOLUTE
    ../fplib/microlib/fpflt.c                0x00000000   Number         0  dfltui.o ABSOLUTE
    ../fplib/microlib/fpflt.c                0x00000000   Number         0  dflti.o ABSOLUTE
    ../fplib/microlib/fpmul.c                0x00000000   Number         0  dmul.o ABSOLUTE
    ../fplib/microlib/fpscalb.c              0x00000000   Number         0  dscalb.o ABSOLUTE
    ../mathlib/dunder.c                      0x00000000   Number         0  dunder.o ABSOLUTE
    ../mathlib/log.c                         0x00000000   Number         0  log_x.o ABSOLUTE
    ../mathlib/log.c                         0x00000000   Number         0  log.o ABSOLUTE
    ../mathlib/poly.c                        0x00000000   Number         0  poly.o ABSOLUTE
    ../mathlib/qnan.c                        0x00000000   Number         0  qnan.o ABSOLUTE
    ..\Core\Src\AnalogButtons.c              0x00000000   Number         0  analogbuttons.o ABSOLUTE
    ..\Core\Src\Buzzer.c                     0x00000000   Number         0  buzzer.o ABSOLUTE
    ..\Core\Src\Eeprom.c                     0x00000000   Number         0  eeprom.o ABSOLUTE
    ..\Core\Src\Menu.c                       0x00000000   Number         0  menu.o ABSOLUTE
    ..\Core\Src\ThermocoupleSensor.c         0x00000000   Number         0  thermocouplesensor.o ABSOLUTE
    ..\Core\Src\main.c                       0x00000000   Number         0  main.o ABSOLUTE
    ..\Core\Src\stm32f0xx_hal_msp.c          0x00000000   Number         0  stm32f0xx_hal_msp.o ABSOLUTE
    ..\Core\Src\stm32f0xx_it.c               0x00000000   Number         0  stm32f0xx_it.o ABSOLUTE
    ..\Core\Src\system_stm32f0xx.c           0x00000000   Number         0  system_stm32f0xx.o ABSOLUTE
    ..\Drivers\STM32F0xx_HAL_Driver\Src\stm32f0xx_hal.c 0x00000000   Number         0  stm32f0xx_hal.o ABSOLUTE
    ..\Drivers\STM32F0xx_HAL_Driver\Src\stm32f0xx_hal_adc.c 0x00000000   Number         0  stm32f0xx_hal_adc.o ABSOLUTE
    ..\Drivers\STM32F0xx_HAL_Driver\Src\stm32f0xx_hal_adc_ex.c 0x00000000   Number         0  stm32f0xx_hal_adc_ex.o ABSOLUTE
    ..\Drivers\STM32F0xx_HAL_Driver\Src\stm32f0xx_hal_cortex.c 0x00000000   Number         0  stm32f0xx_hal_cortex.o ABSOLUTE
    ..\Drivers\STM32F0xx_HAL_Driver\Src\stm32f0xx_hal_dma.c 0x00000000   Number         0  stm32f0xx_hal_dma.o ABSOLUTE
    ..\Drivers\STM32F0xx_HAL_Driver\Src\stm32f0xx_hal_flash.c 0x00000000   Number         0  stm32f0xx_hal_flash.o ABSOLUTE
    ..\Drivers\STM32F0xx_HAL_Driver\Src\stm32f0xx_hal_flash_ex.c 0x00000000   Number         0  stm32f0xx_hal_flash_ex.o ABSOLUTE
    ..\Drivers\STM32F0xx_HAL_Driver\Src\stm32f0xx_hal_gpio.c 0x00000000   Number         0  stm32f0xx_hal_gpio.o ABSOLUTE
    ..\Drivers\STM32F0xx_HAL_Driver\Src\stm32f0xx_hal_i2c.c 0x00000000   Number         0  stm32f0xx_hal_i2c.o ABSOLUTE
    ..\Drivers\STM32F0xx_HAL_Driver\Src\stm32f0xx_hal_i2c_ex.c 0x00000000   Number         0  stm32f0xx_hal_i2c_ex.o ABSOLUTE
    ..\Drivers\STM32F0xx_HAL_Driver\Src\stm32f0xx_hal_pwr.c 0x00000000   Number         0  stm32f0xx_hal_pwr.o ABSOLUTE
    ..\Drivers\STM32F0xx_HAL_Driver\Src\stm32f0xx_hal_pwr_ex.c 0x00000000   Number         0  stm32f0xx_hal_pwr_ex.o ABSOLUTE
    ..\Drivers\STM32F0xx_HAL_Driver\Src\stm32f0xx_hal_rcc.c 0x00000000   Number         0  stm32f0xx_hal_rcc.o ABSOLUTE
    ..\Drivers\STM32F0xx_HAL_Driver\Src\stm32f0xx_hal_rcc_ex.c 0x00000000   Number         0  stm32f0xx_hal_rcc_ex.o ABSOLUTE
    ..\Drivers\STM32F0xx_HAL_Driver\Src\stm32f0xx_hal_spi.c 0x00000000   Number         0  stm32f0xx_hal_spi.o ABSOLUTE
    ..\Drivers\STM32F0xx_HAL_Driver\Src\stm32f0xx_hal_spi_ex.c 0x00000000   Number         0  stm32f0xx_hal_spi_ex.o ABSOLUTE
    ..\Drivers\STM32F0xx_HAL_Driver\Src\stm32f0xx_hal_tim.c 0x00000000   Number         0  stm32f0xx_hal_tim.o ABSOLUTE
    ..\Drivers\STM32F0xx_HAL_Driver\Src\stm32f0xx_hal_tim_ex.c 0x00000000   Number         0  stm32f0xx_hal_tim_ex.o ABSOLUTE
    ..\\Core\\Src\\AnalogButtons.c           0x00000000   Number         0  analogbuttons.o ABSOLUTE
    ..\\Core\\Src\\Buzzer.c                  0x00000000   Number         0  buzzer.o ABSOLUTE
    ..\\Core\\Src\\Eeprom.c                  0x00000000   Number         0  eeprom.o ABSOLUTE
    ..\\Core\\Src\\Menu.c                    0x00000000   Number         0  menu.o ABSOLUTE
    ..\\Core\\Src\\ThermocoupleSensor.c      0x00000000   Number         0  thermocouplesensor.o ABSOLUTE
    cdcmple.s                                0x00000000   Number         0  cdcmple.o ABSOLUTE
    dc.s                                     0x00000000   Number         0  dc.o ABSOLUTE
    handlers.s                               0x00000000   Number         0  handlers.o ABSOLUTE
    init.s                                   0x00000000   Number         0  init.o ABSOLUTE
    startup_stm32f030x6.s                    0x00000000   Number         0  startup_stm32f030x6.o ABSOLUTE
    RESET                                    0x08000000   Section      176  startup_stm32f030x6.o(RESET)
    .ARM.Collect$$$$00000000                 0x080000b0   Section        0  entry.o(.ARM.Collect$$$$00000000)
    .ARM.Collect$$$$00000001                 0x080000b0   Section        4  entry2.o(.ARM.Collect$$$$00000001)
    .ARM.Collect$$$$00000004                 0x080000b4   Section        4  entry5.o(.ARM.Collect$$$$00000004)
    .ARM.Collect$$$$00000008                 0x080000b8   Section        0  entry7b.o(.ARM.Collect$$$$00000008)
    .ARM.Collect$$$$0000000A                 0x080000b8   Section        0  entry8b.o(.ARM.Collect$$$$0000000A)
    .ARM.Collect$$$$0000000B                 0x080000b8   Section        8  entry9a.o(.ARM.Collect$$$$0000000B)
    .ARM.Collect$$$$0000000D                 0x080000c0   Section        0  entry10a.o(.ARM.Collect$$$$0000000D)
    .ARM.Collect$$$$0000000F                 0x080000c0   Section        0  entry11a.o(.ARM.Collect$$$$0000000F)
    .ARM.Collect$$$$00002712                 0x080000c0   Section        4  entry2.o(.ARM.Collect$$$$00002712)
    __lit__00000000                          0x080000c0   Data           4  entry2.o(.ARM.Collect$$$$00002712)
    .text                                    0x080000c4   Section       28  startup_stm32f030x6.o(.text)
    .text                                    0x080000e0   Section        0  uidiv.o(.text)
    .text                                    0x0800010c   Section        0  llushr.o(.text)
    .text                                    0x0800012e   Section        0  memcpya.o(.text)
    .text                                    0x08000152   Section        0  memseta.o(.text)
    .text                                    0x08000178   Section        0  dadd.o(.text)
    .text                                    0x080002dc   Section        0  dmul.o(.text)
    .text                                    0x080003ac   Section        0  ddiv.o(.text)
    .text                                    0x0800049c   Section        0  dflti.o(.text)
    .text                                    0x080004c4   Section        0  dfltui.o(.text)
    .text                                    0x080004e0   Section        0  dfixi.o(.text)
    .text                                    0x08000528   Section        0  dfixui.o(.text)
    .text                                    0x08000564   Section       40  cdcmple.o(.text)
    .text                                    0x0800058c   Section        0  llshl.o(.text)
    .text                                    0x080005ac   Section        0  llsshr.o(.text)
    .text                                    0x080005d2   Section        0  depilogue.o(.text)
    .text                                    0x080005d2   Section        0  iusefp.o(.text)
    .text                                    0x08000690   Section        0  dscalb.o(.text)
    .text                                    0x080006bc   Section       36  init.o(.text)
    i.ADC_DMAConvCplt                        0x080006e0   Section        0  stm32f0xx_hal_adc.o(i.ADC_DMAConvCplt)
    ADC_DMAConvCplt                          0x080006e1   Thumb Code   108  stm32f0xx_hal_adc.o(i.ADC_DMAConvCplt)
    i.ADC_DMAError                           0x0800074c   Section        0  stm32f0xx_hal_adc.o(i.ADC_DMAError)
    ADC_DMAError                             0x0800074d   Thumb Code    26  stm32f0xx_hal_adc.o(i.ADC_DMAError)
    i.ADC_DMAHalfConvCplt                    0x08000766   Section        0  stm32f0xx_hal_adc.o(i.ADC_DMAHalfConvCplt)
    ADC_DMAHalfConvCplt                      0x08000767   Thumb Code    10  stm32f0xx_hal_adc.o(i.ADC_DMAHalfConvCplt)
    i.ADC_Enable                             0x08000770   Section        0  stm32f0xx_hal_adc.o(i.ADC_Enable)
    ADC_Enable                               0x08000771   Thumb Code   120  stm32f0xx_hal_adc.o(i.ADC_Enable)
    i.AnalogButtonUpdate                     0x080007f4   Section        0  analogbuttons.o(i.AnalogButtonUpdate)
    i.BuzzerLongBeep                         0x080008ac   Section        0  buzzer.o(i.BuzzerLongBeep)
    i.BuzzerShortBeep                        0x080008b8   Section        0  buzzer.o(i.BuzzerShortBeep)
    i.BuzzerSingleBeep                       0x080008c4   Section        0  buzzer.o(i.BuzzerSingleBeep)
    i.BuzzerUpdate                           0x080008e8   Section        0  buzzer.o(i.BuzzerUpdate)
    i.ColdJunctionCompensate                 0x08000910   Section        0  thermocouplesensor.o(i.ColdJunctionCompensate)
    i.DMA1_Channel1_IRQHandler               0x080009b4   Section        0  stm32f0xx_it.o(i.DMA1_Channel1_IRQHandler)
    i.DMA_CalcBaseAndBitshift                0x080009c4   Section        0  stm32f0xx_hal_dma.o(i.DMA_CalcBaseAndBitshift)
    DMA_CalcBaseAndBitshift                  0x080009c5   Thumb Code    26  stm32f0xx_hal_dma.o(i.DMA_CalcBaseAndBitshift)
    i.DMA_SetConfig                          0x080009e8   Section        0  stm32f0xx_hal_dma.o(i.DMA_SetConfig)
    DMA_SetConfig                            0x080009e9   Thumb Code    40  stm32f0xx_hal_dma.o(i.DMA_SetConfig)
    i.DisplayUpdate                          0x08000a10   Section        0  menu.o(i.DisplayUpdate)
    i.EEPROM_Read                            0x08000ad8   Section        0  eeprom.o(i.EEPROM_Read)
    i.EEPROM_Write                           0x08000b18   Section        0  eeprom.o(i.EEPROM_Write)
    i.Error_Handler                          0x08000b80   Section        0  main.o(i.Error_Handler)
    i.FLASH_MassErase                        0x08000b84   Section        0  stm32f0xx_hal_flash_ex.o(i.FLASH_MassErase)
    FLASH_MassErase                          0x08000b85   Thumb Code    26  stm32f0xx_hal_flash_ex.o(i.FLASH_MassErase)
    i.FLASH_PageErase                        0x08000ba8   Section        0  stm32f0xx_hal_flash_ex.o(i.FLASH_PageErase)
    i.FLASH_Program_HalfWord                 0x08000bcc   Section        0  stm32f0xx_hal_flash.o(i.FLASH_Program_HalfWord)
    FLASH_Program_HalfWord                   0x08000bcd   Thumb Code    22  stm32f0xx_hal_flash.o(i.FLASH_Program_HalfWord)
    i.FLASH_SetErrorCode                     0x08000bec   Section        0  stm32f0xx_hal_flash.o(i.FLASH_SetErrorCode)
    FLASH_SetErrorCode                       0x08000bed   Thumb Code    46  stm32f0xx_hal_flash.o(i.FLASH_SetErrorCode)
    i.FLASH_WaitForLastOperation             0x08000c24   Section        0  stm32f0xx_hal_flash.o(i.FLASH_WaitForLastOperation)
    i.HAL_ADCEx_Calibration_Start            0x08000c74   Section        0  stm32f0xx_hal_adc_ex.o(i.HAL_ADCEx_Calibration_Start)
    i.HAL_ADC_ConfigChannel                  0x08000d24   Section        0  stm32f0xx_hal_adc.o(i.HAL_ADC_ConfigChannel)
    i.HAL_ADC_ConvCpltCallback               0x08000e34   Section        0  main.o(i.HAL_ADC_ConvCpltCallback)
    i.HAL_ADC_ConvHalfCpltCallback           0x08000e90   Section        0  stm32f0xx_hal_adc.o(i.HAL_ADC_ConvHalfCpltCallback)
    i.HAL_ADC_ErrorCallback                  0x08000e92   Section        0  stm32f0xx_hal_adc.o(i.HAL_ADC_ErrorCallback)
    i.HAL_ADC_Init                           0x08000e94   Section        0  stm32f0xx_hal_adc.o(i.HAL_ADC_Init)
    i.HAL_ADC_MspInit                        0x08001008   Section        0  stm32f0xx_hal_msp.o(i.HAL_ADC_MspInit)
    i.HAL_ADC_Start                          0x08001094   Section        0  stm32f0xx_hal_adc.o(i.HAL_ADC_Start)
    i.HAL_ADC_Start_DMA                      0x080010f0   Section        0  stm32f0xx_hal_adc.o(i.HAL_ADC_Start_DMA)
    i.HAL_DMA_IRQHandler                     0x08001190   Section        0  stm32f0xx_hal_dma.o(i.HAL_DMA_IRQHandler)
    i.HAL_DMA_Init                           0x0800122c   Section        0  stm32f0xx_hal_dma.o(i.HAL_DMA_Init)
    i.HAL_DMA_Start_IT                       0x08001284   Section        0  stm32f0xx_hal_dma.o(i.HAL_DMA_Start_IT)
    i.HAL_FLASHEx_Erase                      0x080012f0   Section        0  stm32f0xx_hal_flash_ex.o(i.HAL_FLASHEx_Erase)
    i.HAL_FLASH_Lock                         0x08001390   Section        0  stm32f0xx_hal_flash.o(i.HAL_FLASH_Lock)
    i.HAL_FLASH_Program                      0x080013a4   Section        0  stm32f0xx_hal_flash.o(i.HAL_FLASH_Program)
    i.HAL_FLASH_Unlock                       0x08001420   Section        0  stm32f0xx_hal_flash.o(i.HAL_FLASH_Unlock)
    i.HAL_GPIO_Init                          0x08001444   Section        0  stm32f0xx_hal_gpio.o(i.HAL_GPIO_Init)
    i.HAL_GPIO_WritePin                      0x0800158c   Section        0  stm32f0xx_hal_gpio.o(i.HAL_GPIO_WritePin)
    i.HAL_GetTick                            0x08001598   Section        0  stm32f0xx_hal.o(i.HAL_GetTick)
    i.HAL_IncTick                            0x080015a4   Section        0  stm32f0xx_hal.o(i.HAL_IncTick)
    i.HAL_Init                               0x080015b4   Section        0  stm32f0xx_hal.o(i.HAL_Init)
    i.HAL_InitTick                           0x080015d4   Section        0  stm32f0xx_hal.o(i.HAL_InitTick)
    i.HAL_MspInit                            0x080015f8   Section        0  stm32f0xx_hal_msp.o(i.HAL_MspInit)
    i.HAL_NVIC_EnableIRQ                     0x08001620   Section        0  stm32f0xx_hal_cortex.o(i.HAL_NVIC_EnableIRQ)
    i.HAL_NVIC_SetPriority                   0x08001634   Section        0  stm32f0xx_hal_cortex.o(i.HAL_NVIC_SetPriority)
    i.HAL_RCC_ClockConfig                    0x0800163c   Section        0  stm32f0xx_hal_rcc.o(i.HAL_RCC_ClockConfig)
    i.HAL_RCC_GetHCLKFreq                    0x08001768   Section        0  stm32f0xx_hal_rcc.o(i.HAL_RCC_GetHCLKFreq)
    i.HAL_RCC_GetSysClockFreq                0x08001774   Section        0  stm32f0xx_hal_rcc.o(i.HAL_RCC_GetSysClockFreq)
    i.HAL_RCC_OscConfig                      0x080017ec   Section        0  stm32f0xx_hal_rcc.o(i.HAL_RCC_OscConfig)
    i.HAL_SPI_Init                           0x08001b40   Section        0  stm32f0xx_hal_spi.o(i.HAL_SPI_Init)
    i.HAL_SPI_MspInit                        0x08001bf8   Section        0  stm32f0xx_hal_msp.o(i.HAL_SPI_MspInit)
    i.HAL_SPI_Transmit                       0x08001c54   Section        0  stm32f0xx_hal_spi.o(i.HAL_SPI_Transmit)
    i.HAL_SYSTICK_Config                     0x08001dc4   Section        0  stm32f0xx_hal_cortex.o(i.HAL_SYSTICK_Config)
    i.HAL_TIMEx_BreakCallback                0x08001df4   Section        0  stm32f0xx_hal_tim_ex.o(i.HAL_TIMEx_BreakCallback)
    i.HAL_TIMEx_CommutationCallback          0x08001df6   Section        0  stm32f0xx_hal_tim_ex.o(i.HAL_TIMEx_CommutationCallback)
    i.HAL_TIMEx_MasterConfigSynchronization  0x08001df8   Section        0  stm32f0xx_hal_tim_ex.o(i.HAL_TIMEx_MasterConfigSynchronization)
    i.HAL_TIM_Base_Init                      0x08001e40   Section        0  stm32f0xx_hal_tim.o(i.HAL_TIM_Base_Init)
    i.HAL_TIM_Base_MspInit                   0x08001e74   Section        0  stm32f0xx_hal_msp.o(i.HAL_TIM_Base_MspInit)
    i.HAL_TIM_Base_Start_IT                  0x08001ec4   Section        0  stm32f0xx_hal_tim.o(i.HAL_TIM_Base_Start_IT)
    i.HAL_TIM_ConfigClockSource              0x08001eda   Section        0  stm32f0xx_hal_tim.o(i.HAL_TIM_ConfigClockSource)
    i.HAL_TIM_IC_CaptureCallback             0x08001fc8   Section        0  stm32f0xx_hal_tim.o(i.HAL_TIM_IC_CaptureCallback)
    i.HAL_TIM_IRQHandler                     0x08001fca   Section        0  stm32f0xx_hal_tim.o(i.HAL_TIM_IRQHandler)
    i.HAL_TIM_MspPostInit                    0x0800212c   Section        0  stm32f0xx_hal_msp.o(i.HAL_TIM_MspPostInit)
    i.HAL_TIM_OC_DelayElapsedCallback        0x08002178   Section        0  stm32f0xx_hal_tim.o(i.HAL_TIM_OC_DelayElapsedCallback)
    i.HAL_TIM_PWM_ConfigChannel              0x0800217a   Section        0  stm32f0xx_hal_tim.o(i.HAL_TIM_PWM_ConfigChannel)
    i.HAL_TIM_PWM_Init                       0x0800224a   Section        0  stm32f0xx_hal_tim.o(i.HAL_TIM_PWM_Init)
    i.HAL_TIM_PWM_MspInit                    0x0800227e   Section        0  stm32f0xx_hal_tim.o(i.HAL_TIM_PWM_MspInit)
    i.HAL_TIM_PWM_PulseFinishedCallback      0x08002280   Section        0  stm32f0xx_hal_tim.o(i.HAL_TIM_PWM_PulseFinishedCallback)
    i.HAL_TIM_PWM_Start                      0x08002284   Section        0  stm32f0xx_hal_tim.o(i.HAL_TIM_PWM_Start)
    i.HAL_TIM_PeriodElapsedCallback          0x080022c8   Section        0  menu.o(i.HAL_TIM_PeriodElapsedCallback)
    i.HAL_TIM_TriggerCallback                0x08002350   Section        0  stm32f0xx_hal_tim.o(i.HAL_TIM_TriggerCallback)
    i.HardFault_Handler                      0x08002352   Section        0  stm32f0xx_it.o(i.HardFault_Handler)
    i.HeaterPid                              0x08002354   Section        0  menu.o(i.HeaterPid)
    i.HeaterSwitch                           0x0800242c   Section        0  menu.o(i.HeaterSwitch)
    i.HeaterTurnOff                          0x08002480   Section        0  menu.o(i.HeaterTurnOff)
    i.HeaterUpdate                           0x080024ac   Section        0  menu.o(i.HeaterUpdate)
    i.LinearizeTCandConvert2degC             0x0800253c   Section        0  thermocouplesensor.o(i.LinearizeTCandConvert2degC)
    i.MX_ADC_Init                            0x0800258c   Section        0  main.o(i.MX_ADC_Init)
    MX_ADC_Init                              0x0800258d   Thumb Code   100  main.o(i.MX_ADC_Init)
    i.MX_GPIO_Init                           0x080025f8   Section        0  main.o(i.MX_GPIO_Init)
    MX_GPIO_Init                             0x080025f9   Thumb Code   144  main.o(i.MX_GPIO_Init)
    i.MX_SPI1_Init                           0x08002690   Section        0  main.o(i.MX_SPI1_Init)
    MX_SPI1_Init                             0x08002691   Thumb Code    62  main.o(i.MX_SPI1_Init)
    i.MX_TIM14_Init                          0x080026d8   Section        0  main.o(i.MX_TIM14_Init)
    MX_TIM14_Init                            0x080026d9   Thumb Code    80  main.o(i.MX_TIM14_Init)
    i.MX_TIM3_Init                           0x08002734   Section        0  main.o(i.MX_TIM3_Init)
    MX_TIM3_Init                             0x08002735   Thumb Code    76  main.o(i.MX_TIM3_Init)
    i.MeasureThermocoupleOutput              0x08002788   Section        0  thermocouplesensor.o(i.MeasureThermocoupleOutput)
    i.NMI_Handler                            0x080027c0   Section        0  stm32f0xx_it.o(i.NMI_Handler)
    i.NVIC_SetPriority                       0x080027c4   Section        0  stm32f0xx_hal_cortex.o(i.NVIC_SetPriority)
    NVIC_SetPriority                         0x080027c5   Thumb Code    60  stm32f0xx_hal_cortex.o(i.NVIC_SetPriority)
    i.PendSV_Handler                         0x08002808   Section        0  stm32f0xx_it.o(i.PendSV_Handler)
    i.SPI_EndRxTxTransaction                 0x0800280a   Section        0  stm32f0xx_hal_spi.o(i.SPI_EndRxTxTransaction)
    SPI_EndRxTxTransaction                   0x0800280b   Thumb Code    76  stm32f0xx_hal_spi.o(i.SPI_EndRxTxTransaction)
    i.SPI_WaitFifoStateUntilTimeout          0x08002856   Section        0  stm32f0xx_hal_spi.o(i.SPI_WaitFifoStateUntilTimeout)
    SPI_WaitFifoStateUntilTimeout            0x08002857   Thumb Code   150  stm32f0xx_hal_spi.o(i.SPI_WaitFifoStateUntilTimeout)
    i.SPI_WaitFlagStateUntilTimeout          0x080028ec   Section        0  stm32f0xx_hal_spi.o(i.SPI_WaitFlagStateUntilTimeout)
    SPI_WaitFlagStateUntilTimeout            0x080028ed   Thumb Code   140  stm32f0xx_hal_spi.o(i.SPI_WaitFlagStateUntilTimeout)
    i.SVC_Handler                            0x08002978   Section        0  stm32f0xx_it.o(i.SVC_Handler)
    i.SevenSegDecode                         0x0800297c   Section        0  menu.o(i.SevenSegDecode)
    i.SysTick_Handler                        0x080029f4   Section        0  stm32f0xx_it.o(i.SysTick_Handler)
    i.SystemClock_Config                     0x080029fc   Section        0  main.o(i.SystemClock_Config)
    i.SystemInit                             0x08002a4c   Section        0  system_stm32f0xx.o(i.SystemInit)
    i.TIM3_IRQHandler                        0x08002aa8   Section        0  stm32f0xx_it.o(i.TIM3_IRQHandler)
    i.TIM_Base_SetConfig                     0x08002ab8   Section        0  stm32f0xx_hal_tim.o(i.TIM_Base_SetConfig)
    i.TIM_CCxChannelCmd                      0x08002b30   Section        0  stm32f0xx_hal_tim.o(i.TIM_CCxChannelCmd)
    i.TIM_ETR_SetConfig                      0x08002b46   Section        0  stm32f0xx_hal_tim.o(i.TIM_ETR_SetConfig)
    i.TIM_ITRx_SetConfig                     0x08002b5c   Section        0  stm32f0xx_hal_tim.o(i.TIM_ITRx_SetConfig)
    TIM_ITRx_SetConfig                       0x08002b5d   Thumb Code    16  stm32f0xx_hal_tim.o(i.TIM_ITRx_SetConfig)
    i.TIM_OC1_SetConfig                      0x08002b6c   Section        0  stm32f0xx_hal_tim.o(i.TIM_OC1_SetConfig)
    TIM_OC1_SetConfig                        0x08002b6d   Thumb Code   108  stm32f0xx_hal_tim.o(i.TIM_OC1_SetConfig)
    i.TIM_OC2_SetConfig                      0x08002be4   Section        0  stm32f0xx_hal_tim.o(i.TIM_OC2_SetConfig)
    i.TIM_OC3_SetConfig                      0x08002c58   Section        0  stm32f0xx_hal_tim.o(i.TIM_OC3_SetConfig)
    TIM_OC3_SetConfig                        0x08002c59   Thumb Code   106  stm32f0xx_hal_tim.o(i.TIM_OC3_SetConfig)
    i.TIM_OC4_SetConfig                      0x08002cd0   Section        0  stm32f0xx_hal_tim.o(i.TIM_OC4_SetConfig)
    TIM_OC4_SetConfig                        0x08002cd1   Thumb Code    84  stm32f0xx_hal_tim.o(i.TIM_OC4_SetConfig)
    i.TIM_TI1_ConfigInputStage               0x08002d30   Section        0  stm32f0xx_hal_tim.o(i.TIM_TI1_ConfigInputStage)
    TIM_TI1_ConfigInputStage                 0x08002d31   Thumb Code    34  stm32f0xx_hal_tim.o(i.TIM_TI1_ConfigInputStage)
    i.TIM_TI2_ConfigInputStage               0x08002d52   Section        0  stm32f0xx_hal_tim.o(i.TIM_TI2_ConfigInputStage)
    TIM_TI2_ConfigInputStage                 0x08002d53   Thumb Code    38  stm32f0xx_hal_tim.o(i.TIM_TI2_ConfigInputStage)
    i.__ARM_clz                              0x08002d78   Section        0  depilogue.o(i.__ARM_clz)
    i.__kernel_poly                          0x08002da6   Section        0  poly.o(i.__kernel_poly)
    i.__mathlib_dbl_divzero                  0x08002e54   Section        0  dunder.o(i.__mathlib_dbl_divzero)
    i.__mathlib_dbl_infnan                   0x08002e68   Section        0  dunder.o(i.__mathlib_dbl_infnan)
    i.__mathlib_dbl_invalid                  0x08002e72   Section        0  dunder.o(i.__mathlib_dbl_invalid)
    i.__scatterload_copy                     0x08002e82   Section       14  handlers.o(i.__scatterload_copy)
    i.__scatterload_null                     0x08002e90   Section        2  handlers.o(i.__scatterload_null)
    i.__scatterload_zeroinit                 0x08002e92   Section       14  handlers.o(i.__scatterload_zeroinit)
    i.__set_errno                            0x08002ea0   Section        0  errno.o(i.__set_errno)
    i.btnDownHold                            0x08002eac   Section        0  menu.o(i.btnDownHold)
    i.btnDownPressed                         0x08002eec   Section        0  menu.o(i.btnDownPressed)
    i.btnPowerPressed                        0x08002f28   Section        0  menu.o(i.btnPowerPressed)
    i.btnSelectHold                          0x08002f54   Section        0  menu.o(i.btnSelectHold)
    i.btnSelectPressed                       0x08002f88   Section        0  menu.o(i.btnSelectPressed)
    i.btnUpHold                              0x08002fb4   Section        0  menu.o(i.btnUpHold)
    i.btnUpPressed                           0x08002ff4   Section        0  menu.o(i.btnUpPressed)
    i.log                                    0x08003030   Section        0  log.o(i.log)
    i.main                                   0x08003384   Section        0  main.o(i.main)
    i.powerofXY                              0x08003440   Section        0  thermocouplesensor.o(i.powerofXY)
    .constdata                               0x080034a4   Section       18  menu.o(.constdata)
    .constdata                               0x080034b8   Section       80  thermocouplesensor.o(.constdata)
    .constdata                               0x08003508   Section       16  system_stm32f0xx.o(.constdata)
    .constdata                               0x08003518   Section       56  log.o(.constdata)
    Lg2                                      0x08003518   Data          24  log.o(.constdata)
    Lg                                       0x08003530   Data          32  log.o(.constdata)
    .constdata                               0x08003550   Section        8  qnan.o(.constdata)
    .data                                    0x20000000   Section       68  analogbuttons.o(.data)
    .data                                    0x20000044   Section        4  eeprom.o(.data)
    .data                                    0x20000048   Section       48  menu.o(.data)
    .data                                    0x20000078   Section        8  buzzer.o(.data)
    .data                                    0x20000080   Section       14  main.o(.data)
    ADC1Sampales                             0x20000080   Data           1  main.o(.data)
    .data                                    0x20000090   Section        8  thermocouplesensor.o(.data)
    .data                                    0x20000098   Section        4  stm32f0xx_hal.o(.data)
    .data                                    0x2000009c   Section        4  system_stm32f0xx.o(.data)
    .data                                    0x200000a0   Section        4  errno.o(.data)
    _errno                                   0x200000a0   Data           4  errno.o(.data)
    .bss                                     0x200000a4   Section      328  main.o(.bss)
    .bss                                     0x200001ec   Section       68  main.o(.bss)
    .bss                                     0x20000230   Section       32  stm32f0xx_hal_flash.o(.bss)
    STACK                                    0x20000250   Section     1024  startup_stm32f030x6.o(STACK)

    Global Symbols

    Symbol Name                              Value     Ov Type        Size  Object(Section)

    BuildAttributes$$THM_ISAv3M$S$PE$A:L22$X:L11$S22$IEEE1$IW$USESV6$~STKCKD$USESV7$~SHL$OTIME$ROPI$IEEEX$EBA8$MICROLIB$REQ8$PRES8$EABIv2 0x00000000   Number         0  anon$$obj.o ABSOLUTE
    __ARM_use_no_argv                        0x00000000   Number         0  main.o ABSOLUTE
    __cpp_initialize__aeabi_                  - Undefined Weak Reference
    __cxa_finalize                            - Undefined Weak Reference
    __decompress                              - Undefined Weak Reference
    _clock_init                               - Undefined Weak Reference
    _microlib_exit                            - Undefined Weak Reference
    __Vectors_Size                           0x000000b0   Number         0  startup_stm32f030x6.o ABSOLUTE
    __Vectors                                0x08000000   Data           4  startup_stm32f030x6.o(RESET)
    __Vectors_End                            0x080000b0   Data           0  startup_stm32f030x6.o(RESET)
    __main                                   0x080000b1   Thumb Code     0  entry.o(.ARM.Collect$$$$00000000)
    _main_stk                                0x080000b1   Thumb Code     0  entry2.o(.ARM.Collect$$$$00000001)
    _main_scatterload                        0x080000b5   Thumb Code     0  entry5.o(.ARM.Collect$$$$00000004)
    __main_after_scatterload                 0x080000b9   Thumb Code     0  entry5.o(.ARM.Collect$$$$00000004)
    _main_clock                              0x080000b9   Thumb Code     0  entry7b.o(.ARM.Collect$$$$00000008)
    _main_cpp_init                           0x080000b9   Thumb Code     0  entry8b.o(.ARM.Collect$$$$0000000A)
    _main_init                               0x080000b9   Thumb Code     0  entry9a.o(.ARM.Collect$$$$0000000B)
    __rt_final_cpp                           0x080000c1   Thumb Code     0  entry10a.o(.ARM.Collect$$$$0000000D)
    __rt_final_exit                          0x080000c1   Thumb Code     0  entry11a.o(.ARM.Collect$$$$0000000F)
    Reset_Handler                            0x080000c5   Thumb Code     8  startup_stm32f030x6.o(.text)
    ADC1_IRQHandler                          0x080000d7   Thumb Code     0  startup_stm32f030x6.o(.text)
    DMA1_Channel2_3_IRQHandler               0x080000d7   Thumb Code     0  startup_stm32f030x6.o(.text)
    DMA1_Channel4_5_IRQHandler               0x080000d7   Thumb Code     0  startup_stm32f030x6.o(.text)
    EXTI0_1_IRQHandler                       0x080000d7   Thumb Code     0  startup_stm32f030x6.o(.text)
    EXTI2_3_IRQHandler                       0x080000d7   Thumb Code     0  startup_stm32f030x6.o(.text)
    EXTI4_15_IRQHandler                      0x080000d7   Thumb Code     0  startup_stm32f030x6.o(.text)
    FLASH_IRQHandler                         0x080000d7   Thumb Code     0  startup_stm32f030x6.o(.text)
    I2C1_IRQHandler                          0x080000d7   Thumb Code     0  startup_stm32f030x6.o(.text)
    RCC_IRQHandler                           0x080000d7   Thumb Code     0  startup_stm32f030x6.o(.text)
    RTC_IRQHandler                           0x080000d7   Thumb Code     0  startup_stm32f030x6.o(.text)
    SPI1_IRQHandler                          0x080000d7   Thumb Code     0  startup_stm32f030x6.o(.text)
    TIM14_IRQHandler                         0x080000d7   Thumb Code     0  startup_stm32f030x6.o(.text)
    TIM16_IRQHandler                         0x080000d7   Thumb Code     0  startup_stm32f030x6.o(.text)
    TIM17_IRQHandler                         0x080000d7   Thumb Code     0  startup_stm32f030x6.o(.text)
    TIM1_BRK_UP_TRG_COM_IRQHandler           0x080000d7   Thumb Code     0  startup_stm32f030x6.o(.text)
    TIM1_CC_IRQHandler                       0x080000d7   Thumb Code     0  startup_stm32f030x6.o(.text)
    USART1_IRQHandler                        0x080000d7   Thumb Code     0  startup_stm32f030x6.o(.text)
    WWDG_IRQHandler                          0x080000d7   Thumb Code     0  startup_stm32f030x6.o(.text)
    __aeabi_uidiv                            0x080000e1   Thumb Code     0  uidiv.o(.text)
    __aeabi_uidivmod                         0x080000e1   Thumb Code    44  uidiv.o(.text)
    __aeabi_llsr                             0x0800010d   Thumb Code    34  llushr.o(.text)
    _ll_ushift_r                             0x0800010d   Thumb Code     0  llushr.o(.text)
    __aeabi_memcpy                           0x0800012f   Thumb Code    36  memcpya.o(.text)
    __aeabi_memcpy4                          0x0800012f   Thumb Code     0  memcpya.o(.text)
    __aeabi_memcpy8                          0x0800012f   Thumb Code     0  memcpya.o(.text)
    __aeabi_memset                           0x08000153   Thumb Code    14  memseta.o(.text)
    __aeabi_memset4                          0x08000153   Thumb Code     0  memseta.o(.text)
    __aeabi_memset8                          0x08000153   Thumb Code     0  memseta.o(.text)
    __aeabi_memclr                           0x08000161   Thumb Code     4  memseta.o(.text)
    __aeabi_memclr4                          0x08000161   Thumb Code     0  memseta.o(.text)
    __aeabi_memclr8                          0x08000161   Thumb Code     0  memseta.o(.text)
    _memset$wrapper                          0x08000165   Thumb Code    18  memseta.o(.text)
    __aeabi_dadd                             0x08000179   Thumb Code   328  dadd.o(.text)
    __aeabi_dsub                             0x080002c1   Thumb Code    12  dadd.o(.text)
    __aeabi_drsub                            0x080002cd   Thumb Code    12  dadd.o(.text)
    __aeabi_dmul                             0x080002dd   Thumb Code   202  dmul.o(.text)
    __aeabi_ddiv                             0x080003ad   Thumb Code   234  ddiv.o(.text)
    __aeabi_i2d                              0x0800049d   Thumb Code    34  dflti.o(.text)
    __aeabi_ui2d                             0x080004c5   Thumb Code    24  dfltui.o(.text)
    __aeabi_d2iz                             0x080004e1   Thumb Code    62  dfixi.o(.text)
    __aeabi_d2uiz                            0x08000529   Thumb Code    50  dfixui.o(.text)
    __aeabi_cdcmpeq                          0x08000565   Thumb Code     0  cdcmple.o(.text)
    __aeabi_cdcmple                          0x08000565   Thumb Code    38  cdcmple.o(.text)
    __aeabi_llsl                             0x0800058d   Thumb Code    32  llshl.o(.text)
    _ll_shift_l                              0x0800058d   Thumb Code     0  llshl.o(.text)
    __aeabi_lasr                             0x080005ad   Thumb Code    38  llsshr.o(.text)
    _ll_sshift_r                             0x080005ad   Thumb Code     0  llsshr.o(.text)
    __I$use$fp                               0x080005d3   Thumb Code     0  iusefp.o(.text)
    _double_round                            0x080005d3   Thumb Code    26  depilogue.o(.text)
    _double_epilogue                         0x080005ed   Thumb Code   164  depilogue.o(.text)
    __ARM_scalbn                             0x08000691   Thumb Code    44  dscalb.o(.text)
    scalbn                                   0x08000691   Thumb Code     0  dscalb.o(.text)
    __scatterload                            0x080006bd   Thumb Code    28  init.o(.text)
    __scatterload_rt2                        0x080006bd   Thumb Code     0  init.o(.text)
    AnalogButtonUpdate                       0x080007f5   Thumb Code   176  analogbuttons.o(i.AnalogButtonUpdate)
    BuzzerLongBeep                           0x080008ad   Thumb Code    12  buzzer.o(i.BuzzerLongBeep)
    BuzzerShortBeep                          0x080008b9   Thumb Code    10  buzzer.o(i.BuzzerShortBeep)
    BuzzerSingleBeep                         0x080008c5   Thumb Code    26  buzzer.o(i.BuzzerSingleBeep)
    BuzzerUpdate                             0x080008e9   Thumb Code    32  buzzer.o(i.BuzzerUpdate)
    ColdJunctionCompensate                   0x08000911   Thumb Code   124  thermocouplesensor.o(i.ColdJunctionCompensate)
    DMA1_Channel1_IRQHandler                 0x080009b5   Thumb Code    10  stm32f0xx_it.o(i.DMA1_Channel1_IRQHandler)
    DisplayUpdate                            0x08000a11   Thumb Code   178  menu.o(i.DisplayUpdate)
    EEPROM_Read                              0x08000ad9   Thumb Code    54  eeprom.o(i.EEPROM_Read)
    EEPROM_Write                             0x08000b19   Thumb Code    96  eeprom.o(i.EEPROM_Write)
    Error_Handler                            0x08000b81   Thumb Code     2  main.o(i.Error_Handler)
    FLASH_PageErase                          0x08000ba9   Thumb Code    28  stm32f0xx_hal_flash_ex.o(i.FLASH_PageErase)
    FLASH_WaitForLastOperation               0x08000c25   Thumb Code    76  stm32f0xx_hal_flash.o(i.FLASH_WaitForLastOperation)
    HAL_ADCEx_Calibration_Start              0x08000c75   Thumb Code   176  stm32f0xx_hal_adc_ex.o(i.HAL_ADCEx_Calibration_Start)
    HAL_ADC_ConfigChannel                    0x08000d25   Thumb Code   254  stm32f0xx_hal_adc.o(i.HAL_ADC_ConfigChannel)
    HAL_ADC_ConvCpltCallback                 0x08000e35   Thumb Code    82  main.o(i.HAL_ADC_ConvCpltCallback)
    HAL_ADC_ConvHalfCpltCallback             0x08000e91   Thumb Code     2  stm32f0xx_hal_adc.o(i.HAL_ADC_ConvHalfCpltCallback)
    HAL_ADC_ErrorCallback                    0x08000e93   Thumb Code     2  stm32f0xx_hal_adc.o(i.HAL_ADC_ErrorCallback)
    HAL_ADC_Init                             0x08000e95   Thumb Code   364  stm32f0xx_hal_adc.o(i.HAL_ADC_Init)
    HAL_ADC_MspInit                          0x08001009   Thumb Code   124  stm32f0xx_hal_msp.o(i.HAL_ADC_MspInit)
    HAL_ADC_Start                            0x08001095   Thumb Code    86  stm32f0xx_hal_adc.o(i.HAL_ADC_Start)
    HAL_ADC_Start_DMA                        0x080010f1   Thumb Code   144  stm32f0xx_hal_adc.o(i.HAL_ADC_Start_DMA)
    HAL_DMA_IRQHandler                       0x08001191   Thumb Code   156  stm32f0xx_hal_dma.o(i.HAL_DMA_IRQHandler)
    HAL_DMA_Init                             0x0800122d   Thumb Code    84  stm32f0xx_hal_dma.o(i.HAL_DMA_Init)
    HAL_DMA_Start_IT                         0x08001285   Thumb Code   106  stm32f0xx_hal_dma.o(i.HAL_DMA_Start_IT)
    HAL_FLASHEx_Erase                        0x080012f1   Thumb Code   148  stm32f0xx_hal_flash_ex.o(i.HAL_FLASHEx_Erase)
    HAL_FLASH_Lock                           0x08001391   Thumb Code    14  stm32f0xx_hal_flash.o(i.HAL_FLASH_Lock)
    HAL_FLASH_Program                        0x080013a5   Thumb Code   110  stm32f0xx_hal_flash.o(i.HAL_FLASH_Program)
    HAL_FLASH_Unlock                         0x08001421   Thumb Code    24  stm32f0xx_hal_flash.o(i.HAL_FLASH_Unlock)
    HAL_GPIO_Init                            0x08001445   Thumb Code   302  stm32f0xx_hal_gpio.o(i.HAL_GPIO_Init)
    HAL_GPIO_WritePin                        0x0800158d   Thumb Code    12  stm32f0xx_hal_gpio.o(i.HAL_GPIO_WritePin)
    HAL_GetTick                              0x08001599   Thumb Code     6  stm32f0xx_hal.o(i.HAL_GetTick)
    HAL_IncTick                              0x080015a5   Thumb Code    10  stm32f0xx_hal.o(i.HAL_IncTick)
    HAL_Init                                 0x080015b5   Thumb Code    26  stm32f0xx_hal.o(i.HAL_Init)
    HAL_InitTick                             0x080015d5   Thumb Code    34  stm32f0xx_hal.o(i.HAL_InitTick)
    HAL_MspInit                              0x080015f9   Thumb Code    34  stm32f0xx_hal_msp.o(i.HAL_MspInit)
    HAL_NVIC_EnableIRQ                       0x08001621   Thumb Code    14  stm32f0xx_hal_cortex.o(i.HAL_NVIC_EnableIRQ)
    HAL_NVIC_SetPriority                     0x08001635   Thumb Code     8  stm32f0xx_hal_cortex.o(i.HAL_NVIC_SetPriority)
    HAL_RCC_ClockConfig                      0x0800163d   Thumb Code   280  stm32f0xx_hal_rcc.o(i.HAL_RCC_ClockConfig)
    HAL_RCC_GetHCLKFreq                      0x08001769   Thumb Code     6  stm32f0xx_hal_rcc.o(i.HAL_RCC_GetHCLKFreq)
    HAL_RCC_GetSysClockFreq                  0x08001775   Thumb Code    76  stm32f0xx_hal_rcc.o(i.HAL_RCC_GetSysClockFreq)
    HAL_RCC_OscConfig                        0x080017ed   Thumb Code   840  stm32f0xx_hal_rcc.o(i.HAL_RCC_OscConfig)
    HAL_SPI_Init                             0x08001b41   Thumb Code   184  stm32f0xx_hal_spi.o(i.HAL_SPI_Init)
    HAL_SPI_MspInit                          0x08001bf9   Thumb Code    84  stm32f0xx_hal_msp.o(i.HAL_SPI_MspInit)
    HAL_SPI_Transmit                         0x08001c55   Thumb Code   368  stm32f0xx_hal_spi.o(i.HAL_SPI_Transmit)
    HAL_SYSTICK_Config                       0x08001dc5   Thumb Code    38  stm32f0xx_hal_cortex.o(i.HAL_SYSTICK_Config)
    HAL_TIMEx_BreakCallback                  0x08001df5   Thumb Code     2  stm32f0xx_hal_tim_ex.o(i.HAL_TIMEx_BreakCallback)
    HAL_TIMEx_CommutationCallback            0x08001df7   Thumb Code     2  stm32f0xx_hal_tim_ex.o(i.HAL_TIMEx_CommutationCallback)
    HAL_TIMEx_MasterConfigSynchronization    0x08001df9   Thumb Code    72  stm32f0xx_hal_tim_ex.o(i.HAL_TIMEx_MasterConfigSynchronization)
    HAL_TIM_Base_Init                        0x08001e41   Thumb Code    52  stm32f0xx_hal_tim.o(i.HAL_TIM_Base_Init)
    HAL_TIM_Base_MspInit                     0x08001e75   Thumb Code    66  stm32f0xx_hal_msp.o(i.HAL_TIM_Base_MspInit)
    HAL_TIM_Base_Start_IT                    0x08001ec5   Thumb Code    22  stm32f0xx_hal_tim.o(i.HAL_TIM_Base_Start_IT)
    HAL_TIM_ConfigClockSource                0x08001edb   Thumb Code   238  stm32f0xx_hal_tim.o(i.HAL_TIM_ConfigClockSource)
    HAL_TIM_IC_CaptureCallback               0x08001fc9   Thumb Code     2  stm32f0xx_hal_tim.o(i.HAL_TIM_IC_CaptureCallback)
    HAL_TIM_IRQHandler                       0x08001fcb   Thumb Code   354  stm32f0xx_hal_tim.o(i.HAL_TIM_IRQHandler)
    HAL_TIM_MspPostInit                      0x0800212d   Thumb Code    64  stm32f0xx_hal_msp.o(i.HAL_TIM_MspPostInit)
    HAL_TIM_OC_DelayElapsedCallback          0x08002179   Thumb Code     2  stm32f0xx_hal_tim.o(i.HAL_TIM_OC_DelayElapsedCallback)
    HAL_TIM_PWM_ConfigChannel                0x0800217b   Thumb Code   208  stm32f0xx_hal_tim.o(i.HAL_TIM_PWM_ConfigChannel)
    HAL_TIM_PWM_Init                         0x0800224b   Thumb Code    52  stm32f0xx_hal_tim.o(i.HAL_TIM_PWM_Init)
    HAL_TIM_PWM_MspInit                      0x0800227f   Thumb Code     2  stm32f0xx_hal_tim.o(i.HAL_TIM_PWM_MspInit)
    HAL_TIM_PWM_PulseFinishedCallback        0x08002281   Thumb Code     2  stm32f0xx_hal_tim.o(i.HAL_TIM_PWM_PulseFinishedCallback)
    HAL_TIM_PWM_Start                        0x08002285   Thumb Code    56  stm32f0xx_hal_tim.o(i.HAL_TIM_PWM_Start)
    HAL_TIM_PeriodElapsedCallback            0x080022c9   Thumb Code   122  menu.o(i.HAL_TIM_PeriodElapsedCallback)
    HAL_TIM_TriggerCallback                  0x08002351   Thumb Code     2  stm32f0xx_hal_tim.o(i.HAL_TIM_TriggerCallback)
    HardFault_Handler                        0x08002353   Thumb Code     2  stm32f0xx_it.o(i.HardFault_Handler)
    HeaterPid                                0x08002355   Thumb Code   184  menu.o(i.HeaterPid)
    HeaterSwitch                             0x0800242d   Thumb Code    76  menu.o(i.HeaterSwitch)
    HeaterTurnOff                            0x08002481   Thumb Code    34  menu.o(i.HeaterTurnOff)
    HeaterUpdate                             0x080024ad   Thumb Code   136  menu.o(i.HeaterUpdate)
    LinearizeTCandConvert2degC               0x0800253d   Thumb Code    72  thermocouplesensor.o(i.LinearizeTCandConvert2degC)
    MeasureThermocoupleOutput                0x08002789   Thumb Code    42  thermocouplesensor.o(i.MeasureThermocoupleOutput)
    NMI_Handler                              0x080027c1   Thumb Code     2  stm32f0xx_it.o(i.NMI_Handler)
    PendSV_Handler                           0x08002809   Thumb Code     2  stm32f0xx_it.o(i.PendSV_Handler)
    SVC_Handler                              0x08002979   Thumb Code     2  stm32f0xx_it.o(i.SVC_Handler)
    SevenSegDecode                           0x0800297d   Thumb Code   110  menu.o(i.SevenSegDecode)
    SysTick_Handler                          0x080029f5   Thumb Code     8  stm32f0xx_it.o(i.SysTick_Handler)
    SystemClock_Config                       0x080029fd   Thumb Code    78  main.o(i.SystemClock_Config)
    SystemInit                               0x08002a4d   Thumb Code    78  system_stm32f0xx.o(i.SystemInit)
    TIM3_IRQHandler                          0x08002aa9   Thumb Code    10  stm32f0xx_it.o(i.TIM3_IRQHandler)
    TIM_Base_SetConfig                       0x08002ab9   Thumb Code   100  stm32f0xx_hal_tim.o(i.TIM_Base_SetConfig)
    TIM_CCxChannelCmd                        0x08002b31   Thumb Code    22  stm32f0xx_hal_tim.o(i.TIM_CCxChannelCmd)
    TIM_ETR_SetConfig                        0x08002b47   Thumb Code    22  stm32f0xx_hal_tim.o(i.TIM_ETR_SetConfig)
    TIM_OC2_SetConfig                        0x08002be5   Thumb Code   104  stm32f0xx_hal_tim.o(i.TIM_OC2_SetConfig)
    __ARM_clz                                0x08002d79   Thumb Code    46  depilogue.o(i.__ARM_clz)
    __kernel_poly                            0x08002da7   Thumb Code   172  poly.o(i.__kernel_poly)
    __mathlib_dbl_divzero                    0x08002e55   Thumb Code    16  dunder.o(i.__mathlib_dbl_divzero)
    __mathlib_dbl_infnan                     0x08002e69   Thumb Code    10  dunder.o(i.__mathlib_dbl_infnan)
    __mathlib_dbl_invalid                    0x08002e73   Thumb Code    16  dunder.o(i.__mathlib_dbl_invalid)
    __scatterload_copy                       0x08002e83   Thumb Code    14  handlers.o(i.__scatterload_copy)
    __scatterload_null                       0x08002e91   Thumb Code     2  handlers.o(i.__scatterload_null)
    __scatterload_zeroinit                   0x08002e93   Thumb Code    14  handlers.o(i.__scatterload_zeroinit)
    __set_errno                              0x08002ea1   Thumb Code     6  errno.o(i.__set_errno)
    btnDownHold                              0x08002ead   Thumb Code    60  menu.o(i.btnDownHold)
    btnDownPressed                           0x08002eed   Thumb Code    56  menu.o(i.btnDownPressed)
    btnPowerPressed                          0x08002f29   Thumb Code    38  menu.o(i.btnPowerPressed)
    btnSelectHold                            0x08002f55   Thumb Code    48  menu.o(i.btnSelectHold)
    btnSelectPressed                         0x08002f89   Thumb Code    38  menu.o(i.btnSelectPressed)
    btnUpHold                                0x08002fb5   Thumb Code    60  menu.o(i.btnUpHold)
    btnUpPressed                             0x08002ff5   Thumb Code    56  menu.o(i.btnUpPressed)
    log                                      0x08003031   Thumb Code   790  log.o(i.log)
    main                                     0x08003385   Thumb Code   170  main.o(i.main)
    powerofXY                                0x08003441   Thumb Code    96  thermocouplesensor.o(i.powerofXY)
    SevenSegEnd                              0x080034a4   Data           4  menu.o(.constdata)
    SevenSegSave                             0x080034a8   Data           4  menu.o(.constdata)
    SevenSegCode                             0x080034ac   Data          10  menu.o(.constdata)
    Mhot                                     0x080034b8   Data          80  thermocouplesensor.o(.constdata)
    AHBPrescTable                            0x08003508   Data          16  system_stm32f0xx.o(.constdata)
    __mathlib_zero                           0x08003550   Data           8  qnan.o(.constdata)
    Region$$Table$$Base                      0x08003558   Number         0  anon$$obj.o(Region$$Table)
    Region$$Table$$Limit                     0x08003578   Number         0  anon$$obj.o(Region$$Table)
    ButtonStartTime                          0x20000000   Data           2  analogbuttons.o(.data)
    buttons                                  0x20000004   Data          64  analogbuttons.o(.data)
    ConfigData                               0x20000044   Data           4  eeprom.o(.data)
    HeaterState                              0x20000048   Data           1  menu.o(.data)
    DisplayState                             0x20000049   Data           1  menu.o(.data)
    MenuState                                0x2000004a   Data           1  menu.o(.data)
    HeaterLastState                          0x2000004b   Data           1  menu.o(.data)
    SwitchState                              0x2000004c   Data           1  menu.o(.data)
    DisplayTimer                             0x2000004d   Data           1  menu.o(.data)
    MenuTimer                                0x2000004e   Data           1  menu.o(.data)
    DisplayBlink                             0x2000004f   Data           1  menu.o(.data)
    OneSecond                                0x20000050   Data           1  menu.o(.data)
    selDigit                                 0x20000051   Data           1  menu.o(.data)
    PidITerm                                 0x20000052   Data           2  menu.o(.data)
    HeaterTimer                              0x20000054   Data           2  menu.o(.data)
    SevenSegDigit                            0x20000056   Data           4  menu.o(.data)
    PidLastError                             0x20000060   Data           8  menu.o(.data)
    MenuParameters                           0x20000068   Data          16  menu.o(.data)
    BuzzerState                              0x20000078   Data           1  buzzer.o(.data)
    BuzzerTimer                              0x2000007c   Data           4  buzzer.o(.data)
    ADC1_Successful                          0x20000081   Data           1  main.o(.data)
    PreviousTime                             0x20000084   Data           4  main.o(.data)
    ADC1_DMA_Buffer                          0x20000088   Data           6  main.o(.data)
    Temperature                              0x20000090   Data           8  thermocouplesensor.o(.data)
    uwTick                                   0x20000098   Data           4  stm32f0xx_hal.o(.data)
    SystemCoreClock                          0x2000009c   Data           4  system_stm32f0xx.o(.data)
    ADC1_Sampels                             0x200000a4   Data          12  main.o(.bss)
    ADC1_Result                              0x200000b0   Data          12  main.o(.bss)
    hadc                                     0x200000bc   Data          76  main.o(.bss)
    hspi1                                    0x20000108   Data         100  main.o(.bss)
    htim3                                    0x2000016c   Data          64  main.o(.bss)
    htim14                                   0x200001ac   Data          64  main.o(.bss)
    hdma_adc                                 0x200001ec   Data          68  main.o(.bss)
    pFlash                                   0x20000230   Data          32  stm32f0xx_hal_flash.o(.bss)
    __initial_sp                             0x20000650   Data           0  startup_stm32f030x6.o(STACK)



==============================================================================

Memory Map of the image

  Image Entry point : 0x080000b1

  Load Region LR_IROM1 (Base: 0x08000000, Size: 0x0000361c, Max: 0x00004000, ABSOLUTE)

    Execution Region ER_IROM1 (Exec base: 0x08000000, Load base: 0x08000000, Size: 0x00003578, Max: 0x00004000, ABSOLUTE)

    Exec Addr    Load Addr    Size         Type   Attr      Idx    E Section Name        Object

    0x08000000   0x08000000   0x000000b0   Data   RO            3    RESET               startup_stm32f030x6.o
    0x080000b0   0x080000b0   0x00000000   Code   RO         3279  * .ARM.Collect$$$$00000000  mc_p.l(entry.o)
    0x080000b0   0x080000b0   0x00000004   Code   RO         3325    .ARM.Collect$$$$00000001  mc_p.l(entry2.o)
    0x080000b4   0x080000b4   0x00000004   Code   RO         3328    .ARM.Collect$$$$00000004  mc_p.l(entry5.o)
    0x080000b8   0x080000b8   0x00000000   Code   RO         3330    .ARM.Collect$$$$00000008  mc_p.l(entry7b.o)
    0x080000b8   0x080000b8   0x00000000   Code   RO         3332    .ARM.Collect$$$$0000000A  mc_p.l(entry8b.o)
    0x080000b8   0x080000b8   0x00000008   Code   RO         3333    .ARM.Collect$$$$0000000B  mc_p.l(entry9a.o)
    0x080000c0   0x080000c0   0x00000000   Code   RO         3335    .ARM.Collect$$$$0000000D  mc_p.l(entry10a.o)
    0x080000c0   0x080000c0   0x00000000   Code   RO         3337    .ARM.Collect$$$$0000000F  mc_p.l(entry11a.o)
    0x080000c0   0x080000c0   0x00000004   Code   RO         3326    .ARM.Collect$$$$00002712  mc_p.l(entry2.o)
    0x080000c4   0x080000c4   0x0000001c   Code   RO            4    .text               startup_stm32f030x6.o
    0x080000e0   0x080000e0   0x0000002c   Code   RO         3282    .text               mc_p.l(uidiv.o)
    0x0800010c   0x0800010c   0x00000022   Code   RO         3284    .text               mc_p.l(llushr.o)
    0x0800012e   0x0800012e   0x00000024   Code   RO         3286    .text               mc_p.l(memcpya.o)
    0x08000152   0x08000152   0x00000024   Code   RO         3288    .text               mc_p.l(memseta.o)
    0x08000176   0x08000176   0x00000002   PAD
    0x08000178   0x08000178   0x00000164   Code   RO         3292    .text               mf_p.l(dadd.o)
    0x080002dc   0x080002dc   0x000000d0   Code   RO         3294    .text               mf_p.l(dmul.o)
    0x080003ac   0x080003ac   0x000000f0   Code   RO         3296    .text               mf_p.l(ddiv.o)
    0x0800049c   0x0800049c   0x00000028   Code   RO         3298    .text               mf_p.l(dflti.o)
    0x080004c4   0x080004c4   0x0000001c   Code   RO         3300    .text               mf_p.l(dfltui.o)
    0x080004e0   0x080004e0   0x00000048   Code   RO         3302    .text               mf_p.l(dfixi.o)
    0x08000528   0x08000528   0x0000003c   Code   RO         3304    .text               mf_p.l(dfixui.o)
    0x08000564   0x08000564   0x00000028   Code   RO         3306    .text               mf_p.l(cdcmple.o)
    0x0800058c   0x0800058c   0x00000020   Code   RO         3339    .text               mc_p.l(llshl.o)
    0x080005ac   0x080005ac   0x00000026   Code   RO         3341    .text               mc_p.l(llsshr.o)
    0x080005d2   0x080005d2   0x00000000   Code   RO         3350    .text               mc_p.l(iusefp.o)
    0x080005d2   0x080005d2   0x000000be   Code   RO         3351    .text               mf_p.l(depilogue.o)
    0x08000690   0x08000690   0x0000002c   Code   RO         3355    .text               mf_p.l(dscalb.o)
    0x080006bc   0x080006bc   0x00000024   Code   RO         3357    .text               mc_p.l(init.o)
    0x080006e0   0x080006e0   0x0000006c   Code   RO          578    i.ADC_DMAConvCplt   stm32f0xx_hal_adc.o
    0x0800074c   0x0800074c   0x0000001a   Code   RO          579    i.ADC_DMAError      stm32f0xx_hal_adc.o
    0x08000766   0x08000766   0x0000000a   Code   RO          580    i.ADC_DMAHalfConvCplt  stm32f0xx_hal_adc.o
    0x08000770   0x08000770   0x00000084   Code   RO          582    i.ADC_Enable        stm32f0xx_hal_adc.o
    0x080007f4   0x080007f4   0x000000b8   Code   RO           12    i.AnalogButtonUpdate  analogbuttons.o
    0x080008ac   0x080008ac   0x0000000c   Code   RO          295    i.BuzzerLongBeep    buzzer.o
    0x080008b8   0x080008b8   0x0000000a   Code   RO          296    i.BuzzerShortBeep   buzzer.o
    0x080008c2   0x080008c2   0x00000002   PAD
    0x080008c4   0x080008c4   0x00000024   Code   RO          297    i.BuzzerSingleBeep  buzzer.o
    0x080008e8   0x080008e8   0x00000028   Code   RO          298    i.BuzzerUpdate      buzzer.o
    0x08000910   0x08000910   0x000000a4   Code   RO          530    i.ColdJunctionCompensate  thermocouplesensor.o
    0x080009b4   0x080009b4   0x00000010   Code   RO          407    i.DMA1_Channel1_IRQHandler  stm32f0xx_it.o
    0x080009c4   0x080009c4   0x00000024   Code   RO         2777    i.DMA_CalcBaseAndBitshift  stm32f0xx_hal_dma.o
    0x080009e8   0x080009e8   0x00000028   Code   RO         2778    i.DMA_SetConfig     stm32f0xx_hal_dma.o
    0x08000a10   0x08000a10   0x000000c8   Code   RO          176    i.DisplayUpdate     menu.o
    0x08000ad8   0x08000ad8   0x00000040   Code   RO          144    i.EEPROM_Read       eeprom.o
    0x08000b18   0x08000b18   0x00000068   Code   RO          145    i.EEPROM_Write      eeprom.o
    0x08000b80   0x08000b80   0x00000002   Code   RO          336    i.Error_Handler     main.o
    0x08000b82   0x08000b82   0x00000002   PAD
    0x08000b84   0x08000b84   0x00000024   Code   RO         3166    i.FLASH_MassErase   stm32f0xx_hal_flash_ex.o
    0x08000ba8   0x08000ba8   0x00000024   Code   RO         3169    i.FLASH_PageErase   stm32f0xx_hal_flash_ex.o
    0x08000bcc   0x08000bcc   0x00000020   Code   RO         3067    i.FLASH_Program_HalfWord  stm32f0xx_hal_flash.o
    0x08000bec   0x08000bec   0x00000038   Code   RO         3068    i.FLASH_SetErrorCode  stm32f0xx_hal_flash.o
    0x08000c24   0x08000c24   0x00000050   Code   RO         3069    i.FLASH_WaitForLastOperation  stm32f0xx_hal_flash.o
    0x08000c74   0x08000c74   0x000000b0   Code   RO          753    i.HAL_ADCEx_Calibration_Start  stm32f0xx_hal_adc_ex.o
    0x08000d24   0x08000d24   0x00000110   Code   RO          584    i.HAL_ADC_ConfigChannel  stm32f0xx_hal_adc.o
    0x08000e34   0x08000e34   0x0000005c   Code   RO          337    i.HAL_ADC_ConvCpltCallback  main.o
    0x08000e90   0x08000e90   0x00000002   Code   RO          586    i.HAL_ADC_ConvHalfCpltCallback  stm32f0xx_hal_adc.o
    0x08000e92   0x08000e92   0x00000002   Code   RO          588    i.HAL_ADC_ErrorCallback  stm32f0xx_hal_adc.o
    0x08000e94   0x08000e94   0x00000174   Code   RO          593    i.HAL_ADC_Init      stm32f0xx_hal_adc.o
    0x08001008   0x08001008   0x0000008c   Code   RO          468    i.HAL_ADC_MspInit   stm32f0xx_hal_msp.o
    0x08001094   0x08001094   0x0000005c   Code   RO          599    i.HAL_ADC_Start     stm32f0xx_hal_adc.o
    0x080010f0   0x080010f0   0x000000a0   Code   RO          600    i.HAL_ADC_Start_DMA  stm32f0xx_hal_adc.o
    0x08001190   0x08001190   0x0000009c   Code   RO         2784    i.HAL_DMA_IRQHandler  stm32f0xx_hal_dma.o
    0x0800122c   0x0800122c   0x00000058   Code   RO         2785    i.HAL_DMA_Init      stm32f0xx_hal_dma.o
    0x08001284   0x08001284   0x0000006a   Code   RO         2789    i.HAL_DMA_Start_IT  stm32f0xx_hal_dma.o
    0x080012ee   0x080012ee   0x00000002   PAD
    0x080012f0   0x080012f0   0x000000a0   Code   RO         3170    i.HAL_FLASHEx_Erase  stm32f0xx_hal_flash_ex.o
    0x08001390   0x08001390   0x00000014   Code   RO         3073    i.HAL_FLASH_Lock    stm32f0xx_hal_flash.o
    0x080013a4   0x080013a4   0x0000007c   Code   RO         3078    i.HAL_FLASH_Program  stm32f0xx_hal_flash.o
    0x08001420   0x08001420   0x00000024   Code   RO         3080    i.HAL_FLASH_Unlock  stm32f0xx_hal_flash.o
    0x08001444   0x08001444   0x00000148   Code   RO         2718    i.HAL_GPIO_Init     stm32f0xx_hal_gpio.o
    0x0800158c   0x0800158c   0x0000000c   Code   RO         2722    i.HAL_GPIO_WritePin  stm32f0xx_hal_gpio.o
    0x08001598   0x08001598   0x0000000c   Code   RO         2125    i.HAL_GetTick       stm32f0xx_hal.o
    0x080015a4   0x080015a4   0x00000010   Code   RO         2129    i.HAL_IncTick       stm32f0xx_hal.o
    0x080015b4   0x080015b4   0x00000020   Code   RO         2130    i.HAL_Init          stm32f0xx_hal.o
    0x080015d4   0x080015d4   0x00000022   Code   RO         2131    i.HAL_InitTick      stm32f0xx_hal.o
    0x080015f6   0x080015f6   0x00000002   PAD
    0x080015f8   0x080015f8   0x00000028   Code   RO          469    i.HAL_MspInit       stm32f0xx_hal_msp.o
    0x08001620   0x08001620   0x00000014   Code   RO         2875    i.HAL_NVIC_EnableIRQ  stm32f0xx_hal_cortex.o
    0x08001634   0x08001634   0x00000008   Code   RO         2879    i.HAL_NVIC_SetPriority  stm32f0xx_hal_cortex.o
    0x0800163c   0x0800163c   0x0000012c   Code   RO         1993    i.HAL_RCC_ClockConfig  stm32f0xx_hal_rcc.o
    0x08001768   0x08001768   0x0000000c   Code   RO         1998    i.HAL_RCC_GetHCLKFreq  stm32f0xx_hal_rcc.o
    0x08001774   0x08001774   0x00000078   Code   RO         2001    i.HAL_RCC_GetSysClockFreq  stm32f0xx_hal_rcc.o
    0x080017ec   0x080017ec   0x00000354   Code   RO         2004    i.HAL_RCC_OscConfig  stm32f0xx_hal_rcc.o
    0x08001b40   0x08001b40   0x000000b8   Code   RO          784    i.HAL_SPI_Init      stm32f0xx_hal_spi.o
    0x08001bf8   0x08001bf8   0x0000005c   Code   RO          471    i.HAL_SPI_MspInit   stm32f0xx_hal_msp.o
    0x08001c54   0x08001c54   0x00000170   Code   RO          792    i.HAL_SPI_Transmit  stm32f0xx_hal_spi.o
    0x08001dc4   0x08001dc4   0x00000030   Code   RO         2883    i.HAL_SYSTICK_Config  stm32f0xx_hal_cortex.o
    0x08001df4   0x08001df4   0x00000002   Code   RO         1757    i.HAL_TIMEx_BreakCallback  stm32f0xx_hal_tim_ex.o
    0x08001df6   0x08001df6   0x00000002   Code   RO         1758    i.HAL_TIMEx_CommutationCallback  stm32f0xx_hal_tim_ex.o
    0x08001df8   0x08001df8   0x00000048   Code   RO         1774    i.HAL_TIMEx_MasterConfigSynchronization  stm32f0xx_hal_tim_ex.o
    0x08001e40   0x08001e40   0x00000034   Code   RO         1118    i.HAL_TIM_Base_Init  stm32f0xx_hal_tim.o
    0x08001e74   0x08001e74   0x00000050   Code   RO          473    i.HAL_TIM_Base_MspInit  stm32f0xx_hal_msp.o
    0x08001ec4   0x08001ec4   0x00000016   Code   RO         1123    i.HAL_TIM_Base_Start_IT  stm32f0xx_hal_tim.o
    0x08001eda   0x08001eda   0x000000ee   Code   RO         1127    i.HAL_TIM_ConfigClockSource  stm32f0xx_hal_tim.o
    0x08001fc8   0x08001fc8   0x00000002   Code   RO         1149    i.HAL_TIM_IC_CaptureCallback  stm32f0xx_hal_tim.o
    0x08001fca   0x08001fca   0x00000162   Code   RO         1162    i.HAL_TIM_IRQHandler  stm32f0xx_hal_tim.o
    0x0800212c   0x0800212c   0x0000004c   Code   RO          474    i.HAL_TIM_MspPostInit  stm32f0xx_hal_msp.o
    0x08002178   0x08002178   0x00000002   Code   RO         1165    i.HAL_TIM_OC_DelayElapsedCallback  stm32f0xx_hal_tim.o
    0x0800217a   0x0800217a   0x000000d0   Code   RO         1186    i.HAL_TIM_PWM_ConfigChannel  stm32f0xx_hal_tim.o
    0x0800224a   0x0800224a   0x00000034   Code   RO         1189    i.HAL_TIM_PWM_Init  stm32f0xx_hal_tim.o
    0x0800227e   0x0800227e   0x00000002   Code   RO         1191    i.HAL_TIM_PWM_MspInit  stm32f0xx_hal_tim.o
    0x08002280   0x08002280   0x00000002   Code   RO         1192    i.HAL_TIM_PWM_PulseFinishedCallback  stm32f0xx_hal_tim.o
    0x08002282   0x08002282   0x00000002   PAD
    0x08002284   0x08002284   0x00000044   Code   RO         1193    i.HAL_TIM_PWM_Start  stm32f0xx_hal_tim.o
    0x080022c8   0x080022c8   0x00000088   Code   RO          177    i.HAL_TIM_PeriodElapsedCallback  menu.o
    0x08002350   0x08002350   0x00000002   Code   RO         1203    i.HAL_TIM_TriggerCallback  stm32f0xx_hal_tim.o
    0x08002352   0x08002352   0x00000002   Code   RO          408    i.HardFault_Handler  stm32f0xx_it.o
    0x08002354   0x08002354   0x000000d8   Code   RO          178    i.HeaterPid         menu.o
    0x0800242c   0x0800242c   0x00000054   Code   RO          179    i.HeaterSwitch      menu.o
    0x08002480   0x08002480   0x0000002c   Code   RO          180    i.HeaterTurnOff     menu.o
    0x080024ac   0x080024ac   0x00000090   Code   RO          181    i.HeaterUpdate      menu.o
    0x0800253c   0x0800253c   0x00000050   Code   RO          531    i.LinearizeTCandConvert2degC  thermocouplesensor.o
    0x0800258c   0x0800258c   0x0000006c   Code   RO          338    i.MX_ADC_Init       main.o
    0x080025f8   0x080025f8   0x00000098   Code   RO          339    i.MX_GPIO_Init      main.o
    0x08002690   0x08002690   0x00000048   Code   RO          340    i.MX_SPI1_Init      main.o
    0x080026d8   0x080026d8   0x0000005c   Code   RO          341    i.MX_TIM14_Init     main.o
    0x08002734   0x08002734   0x00000054   Code   RO          342    i.MX_TIM3_Init      main.o
    0x08002788   0x08002788   0x00000038   Code   RO          532    i.MeasureThermocoupleOutput  thermocouplesensor.o
    0x080027c0   0x080027c0   0x00000002   Code   RO          409    i.NMI_Handler       stm32f0xx_it.o
    0x080027c2   0x080027c2   0x00000002   PAD
    0x080027c4   0x080027c4   0x00000044   Code   RO         2885    i.NVIC_SetPriority  stm32f0xx_hal_cortex.o
    0x08002808   0x08002808   0x00000002   Code   RO          410    i.PendSV_Handler    stm32f0xx_it.o
    0x0800280a   0x0800280a   0x0000004c   Code   RO          822    i.SPI_EndRxTxTransaction  stm32f0xx_hal_spi.o
    0x08002856   0x08002856   0x00000096   Code   RO          827    i.SPI_WaitFifoStateUntilTimeout  stm32f0xx_hal_spi.o
    0x080028ec   0x080028ec   0x0000008c   Code   RO          828    i.SPI_WaitFlagStateUntilTimeout  stm32f0xx_hal_spi.o
    0x08002978   0x08002978   0x00000002   Code   RO          411    i.SVC_Handler       stm32f0xx_it.o
    0x0800297a   0x0800297a   0x00000002   PAD
    0x0800297c   0x0800297c   0x00000078   Code   RO          182    i.SevenSegDecode    menu.o
    0x080029f4   0x080029f4   0x00000008   Code   RO          412    i.SysTick_Handler   stm32f0xx_it.o
    0x080029fc   0x080029fc   0x0000004e   Code   RO          343    i.SystemClock_Config  main.o
    0x08002a4a   0x08002a4a   0x00000002   PAD
    0x08002a4c   0x08002a4c   0x0000005c   Code   RO         3238    i.SystemInit        system_stm32f0xx.o
    0x08002aa8   0x08002aa8   0x00000010   Code   RO          413    i.TIM3_IRQHandler   stm32f0xx_it.o
    0x08002ab8   0x08002ab8   0x00000078   Code   RO         1204    i.TIM_Base_SetConfig  stm32f0xx_hal_tim.o
    0x08002b30   0x08002b30   0x00000016   Code   RO         1205    i.TIM_CCxChannelCmd  stm32f0xx_hal_tim.o
    0x08002b46   0x08002b46   0x00000016   Code   RO         1211    i.TIM_ETR_SetConfig  stm32f0xx_hal_tim.o
    0x08002b5c   0x08002b5c   0x00000010   Code   RO         1212    i.TIM_ITRx_SetConfig  stm32f0xx_hal_tim.o
    0x08002b6c   0x08002b6c   0x00000078   Code   RO         1213    i.TIM_OC1_SetConfig  stm32f0xx_hal_tim.o
    0x08002be4   0x08002be4   0x00000074   Code   RO         1214    i.TIM_OC2_SetConfig  stm32f0xx_hal_tim.o
    0x08002c58   0x08002c58   0x00000078   Code   RO         1215    i.TIM_OC3_SetConfig  stm32f0xx_hal_tim.o
    0x08002cd0   0x08002cd0   0x00000060   Code   RO         1216    i.TIM_OC4_SetConfig  stm32f0xx_hal_tim.o
    0x08002d30   0x08002d30   0x00000022   Code   RO         1218    i.TIM_TI1_ConfigInputStage  stm32f0xx_hal_tim.o
    0x08002d52   0x08002d52   0x00000026   Code   RO         1220    i.TIM_TI2_ConfigInputStage  stm32f0xx_hal_tim.o
    0x08002d78   0x08002d78   0x0000002e   Code   RO         3353    i.__ARM_clz         mf_p.l(depilogue.o)
    0x08002da6   0x08002da6   0x000000ac   Code   RO         3322    i.__kernel_poly     m_ps.l(poly.o)
    0x08002e52   0x08002e52   0x00000002   PAD
    0x08002e54   0x08002e54   0x00000014   Code   RO         3308    i.__mathlib_dbl_divzero  m_ps.l(dunder.o)
    0x08002e68   0x08002e68   0x0000000a   Code   RO         3309    i.__mathlib_dbl_infnan  m_ps.l(dunder.o)
    0x08002e72   0x08002e72   0x00000010   Code   RO         3311    i.__mathlib_dbl_invalid  m_ps.l(dunder.o)
    0x08002e82   0x08002e82   0x0000000e   Code   RO         3361    i.__scatterload_copy  mc_p.l(handlers.o)
    0x08002e90   0x08002e90   0x00000002   Code   RO         3362    i.__scatterload_null  mc_p.l(handlers.o)
    0x08002e92   0x08002e92   0x0000000e   Code   RO         3363    i.__scatterload_zeroinit  mc_p.l(handlers.o)
    0x08002ea0   0x08002ea0   0x0000000c   Code   RO         3345    i.__set_errno       mc_p.l(errno.o)
    0x08002eac   0x08002eac   0x00000040   Code   RO          183    i.btnDownHold       menu.o
    0x08002eec   0x08002eec   0x0000003c   Code   RO          184    i.btnDownPressed    menu.o
    0x08002f28   0x08002f28   0x0000002c   Code   RO          185    i.btnPowerPressed   menu.o
    0x08002f54   0x08002f54   0x00000034   Code   RO          186    i.btnSelectHold     menu.o
    0x08002f88   0x08002f88   0x0000002c   Code   RO          187    i.btnSelectPressed  menu.o
    0x08002fb4   0x08002fb4   0x00000040   Code   RO          188    i.btnUpHold         menu.o
    0x08002ff4   0x08002ff4   0x0000003c   Code   RO          189    i.btnUpPressed      menu.o
    0x08003030   0x08003030   0x00000354   Code   RO         3270    i.log               m_ps.l(log.o)
    0x08003384   0x08003384   0x000000bc   Code   RO          344    i.main              main.o
    0x08003440   0x08003440   0x00000064   Code   RO          533    i.powerofXY         thermocouplesensor.o
    0x080034a4   0x080034a4   0x00000012   Data   RO          197    .constdata          menu.o
    0x080034b6   0x080034b6   0x00000002   PAD
    0x080034b8   0x080034b8   0x00000050   Data   RO          534    .constdata          thermocouplesensor.o
    0x08003508   0x08003508   0x00000010   Data   RO         3239    .constdata          system_stm32f0xx.o
    0x08003518   0x08003518   0x00000038   Data   RO         3271    .constdata          m_ps.l(log.o)
    0x08003550   0x08003550   0x00000008   Data   RO         3324    .constdata          m_ps.l(qnan.o)
    0x08003558   0x08003558   0x00000020   Data   RO         3359    Region$$Table       anon$$obj.o


    Execution Region RW_IRAM1 (Exec base: 0x20000000, Load base: 0x08003578, Size: 0x00000650, Max: 0x00001000, ABSOLUTE)

    Exec Addr    Load Addr    Size         Type   Attr      Idx    E Section Name        Object

    0x20000000   0x08003578   0x00000044   Data   RW           13    .data               analogbuttons.o
    0x20000044   0x080035bc   0x00000004   Data   RW          146    .data               eeprom.o
    0x20000048   0x080035c0   0x00000030   Data   RW          198    .data               menu.o
    0x20000078   0x080035f0   0x00000008   Data   RW          299    .data               buzzer.o
    0x20000080   0x080035f8   0x0000000e   Data   RW          347    .data               main.o
    0x2000008e   0x08003606   0x00000002   PAD
    0x20000090   0x08003608   0x00000008   Data   RW          535    .data               thermocouplesensor.o
    0x20000098   0x08003610   0x00000004   Data   RW         2136    .data               stm32f0xx_hal.o
    0x2000009c   0x08003614   0x00000004   Data   RW         3241    .data               system_stm32f0xx.o
    0x200000a0   0x08003618   0x00000004   Data   RW         3346    .data               mc_p.l(errno.o)
    0x200000a4        -       0x00000148   Zero   RW          345    .bss                main.o
    0x200001ec        -       0x00000044   Zero   RW          346    .bss                main.o
    0x20000230        -       0x00000020   Zero   RW         3081    .bss                stm32f0xx_hal_flash.o
    0x20000250        -       0x00000400   Zero   RW            1    STACK               startup_stm32f030x6.o


==============================================================================

Image component sizes


      Code (inc. data)   RO Data    RW Data    ZI Data      Debug   Object Name

       184          8          0         68          0     266177   analogbuttons.o
        98         18          0          8          0       2415   buzzer.o
       168         18          0          4          0       5094   eeprom.o
       868         74          0         14        396       6034   main.o
      1332        136         18         48          0       9938   menu.o
        28          8        176          0       1024        628   startup_stm32f030x6.o
        94         18          0          4          0       3055   stm32f0xx_hal.o
      1176         60          0          0          0       7786   stm32f0xx_hal_adc.o
       176          0          0          0          0       1382   stm32f0xx_hal_adc_ex.o
       144         24          0          0          0       8885   stm32f0xx_hal_cortex.o
       426         14          0          0          0       4135   stm32f0xx_hal_dma.o
       348         56          0          0         32       4710   stm32f0xx_hal_flash.o
       232         30          0          0          0       3029   stm32f0xx_hal_flash_ex.o
       340         26          0          0          0       2240   stm32f0xx_hal_gpio.o
       428         56          0          0          0       3554   stm32f0xx_hal_msp.o
      1284         82          0          0          0       4442   stm32f0xx_hal_rcc.o
       918          0          0          0          0       5218   stm32f0xx_hal_spi.o
      1708         82          0          0          0      15434   stm32f0xx_hal_tim.o
        76          0          0          0          0       2306   stm32f0xx_hal_tim_ex.o
        48         12          0          0          0       3048   stm32f0xx_it.o
        92         14         16          4          0       1155   system_stm32f0xx.o
       400         66         80          8          0       3323   thermocouplesensor.o

    ----------------------------------------------------------------------
     10584        802        324        160       1452     363988   Object Totals
         0          0         32          0          0          0   (incl. Generated)
        16          0          2          2          0          0   (incl. Padding)

    ----------------------------------------------------------------------

      Code (inc. data)   RO Data    RW Data    ZI Data      Debug   Library Member Name

        46          4          0          0          0        204   dunder.o
       852         62         56          0          0        136   log.o
       172          0          0          0          0         76   poly.o
         0          0          8          0          0          0   qnan.o
         0          0          0          0          0          0   entry.o
         0          0          0          0          0          0   entry10a.o
         0          0          0          0          0          0   entry11a.o
         8          4          0          0          0          0   entry2.o
         4          0          0          0          0          0   entry5.o
         0          0          0          0          0          0   entry7b.o
         0          0          0          0          0          0   entry8b.o
         8          4          0          0          0          0   entry9a.o
        12          6          0          4          0         60   errno.o
        30          0          0          0          0          0   handlers.o
        36          8          0          0          0         68   init.o
         0          0          0          0          0          0   iusefp.o
        32          0          0          0          0         68   llshl.o
        38          0          0          0          0         68   llsshr.o
        34          0          0          0          0         68   llushr.o
        36          0          0          0          0         60   memcpya.o
        36          0          0          0          0        100   memseta.o
        44          0          0          0          0         72   uidiv.o
        40          2          0          0          0         68   cdcmple.o
       356          4          0          0          0        140   dadd.o
       240          6          0          0          0         84   ddiv.o
       236          0          0          0          0        216   depilogue.o
        72         10          0          0          0         72   dfixi.o
        60         10          0          0          0         68   dfixui.o
        40          6          0          0          0         68   dflti.o
        28          4          0          0          0         68   dfltui.o
       208          6          0          0          0         88   dmul.o
        44          0          0          0          0         72   dscalb.o

    ----------------------------------------------------------------------
      2716        136         64          4          0       1924   Library Totals
         4          0          0          0          0          0   (incl. Padding)

    ----------------------------------------------------------------------

      Code (inc. data)   RO Data    RW Data    ZI Data      Debug   Library Name

      1070         66         64          0          0        416   m_ps.l
       318         22          0          4          0        564   mc_p.l
      1324         48          0          0          0        944   mf_p.l

    ----------------------------------------------------------------------
      2716        136         64          4          0       1924   Library Totals

    ----------------------------------------------------------------------

==============================================================================


      Code (inc. data)   RO Data    RW Data    ZI Data      Debug   

     13300        938        388        164       1452     360160   Grand Totals
     13300        938        388        164       1452     360160   ELF Image Totals
     13300        938        388        164          0          0   ROM Totals

==============================================================================

    Total RO  Size (Code + RO Data)                13688 (  13.37kB)
    Total RW  Size (RW Data + ZI Data)              1616 (   1.58kB)
    Total ROM Size (Code + RO Data + RW Data)      13852 (  13.53kB)

==============================================================================

